Archive member included to satisfy reference by file (symbol)

c:/program files (x86)/atollic/truestudio for stm32 9.3.0/armtools/bin/../lib/gcc/arm-atollic-eabi/6.3.1/../../../../arm-atollic-eabi/lib/armv7-m\libc_nano.a(lib_a-errno.o)
                              Src\syscalls.o (__errno)
c:/program files (x86)/atollic/truestudio for stm32 9.3.0/armtools/bin/../lib/gcc/arm-atollic-eabi/6.3.1/../../../../arm-atollic-eabi/lib/armv7-m\libc_nano.a(lib_a-impure.o)
                              c:/program files (x86)/atollic/truestudio for stm32 9.3.0/armtools/bin/../lib/gcc/arm-atollic-eabi/6.3.1/../../../../arm-atollic-eabi/lib/armv7-m\libc_nano.a(lib_a-errno.o) (_impure_ptr)
c:/program files (x86)/atollic/truestudio for stm32 9.3.0/armtools/bin/../lib/gcc/arm-atollic-eabi/6.3.1/../../../../arm-atollic-eabi/lib/armv7-m\libc_nano.a(lib_a-init.o)
                              startup\startup_stm32f103xb.o (__libc_init_array)
c:/program files (x86)/atollic/truestudio for stm32 9.3.0/armtools/bin/../lib/gcc/arm-atollic-eabi/6.3.1/../../../../arm-atollic-eabi/lib/armv7-m\libc_nano.a(lib_a-memset.o)
                              Drivers\STM32F1xx_HAL_Driver\Src\stm32f1xx_hal_rcc.o (memset)
c:/program files (x86)/atollic/truestudio for stm32 9.3.0/armtools/bin/../lib/gcc/arm-atollic-eabi/6.3.1/armv7-m\libgcc.a(_lshrdi3.o)
                              Drivers\STM32F1xx_HAL_Driver\Src\stm32f1xx_hal_flash.o (__aeabi_llsr)
c:/program files (x86)/atollic/truestudio for stm32 9.3.0/armtools/bin/../lib/gcc/arm-atollic-eabi/6.3.1/armv7-m\libgcc.a(_arm_addsubsf3.o)
                              Src\main.o (__aeabi_fsub)
c:/program files (x86)/atollic/truestudio for stm32 9.3.0/armtools/bin/../lib/gcc/arm-atollic-eabi/6.3.1/armv7-m\libgcc.a(_arm_muldivsf3.o)
                              Src\main.o (__aeabi_fmul)

Allocating common symbols
Common symbol       size              file

htm_data            0x50              Src\main.o
hcan                0x28              Src\main.o
uwTick              0x4               Drivers\STM32F1xx_HAL_Driver\Src\stm32f1xx_hal.o
pFlash              0x20              Drivers\STM32F1xx_HAL_Driver\Src\stm32f1xx_hal_flash.o
adc_vals            0xc               Src\main.o
htim3               0x40              Src\main.o
uart1_rx_buffer     0x2               Src\main.o
huart1              0x40              Src\main.o
htim1               0x40              Src\stm32f1xx_hal_timebase_tim.o
mth_data            0x64              Src\main.o
husart2             0x44              Src\main.o
tx_buff             0x800             Src\main.o
hspi1               0x58              Src\main.o
tx_data             0x1b8             Src\main.o

Discarded input sections

 .text          0x00000000        0x0 c:/program files (x86)/atollic/truestudio for stm32 9.3.0/armtools/bin/../lib/gcc/arm-atollic-eabi/6.3.1/armv7-m/crti.o
 .data          0x00000000        0x0 c:/program files (x86)/atollic/truestudio for stm32 9.3.0/armtools/bin/../lib/gcc/arm-atollic-eabi/6.3.1/armv7-m/crti.o
 .bss           0x00000000        0x0 c:/program files (x86)/atollic/truestudio for stm32 9.3.0/armtools/bin/../lib/gcc/arm-atollic-eabi/6.3.1/armv7-m/crti.o
 .data          0x00000000        0x4 c:/program files (x86)/atollic/truestudio for stm32 9.3.0/armtools/bin/../lib/gcc/arm-atollic-eabi/6.3.1/armv7-m/crtbegin.o
 .text          0x00000000        0x0 Drivers\STM32F1xx_HAL_Driver\Src\stm32f1xx_hal.o
 .data          0x00000000        0x0 Drivers\STM32F1xx_HAL_Driver\Src\stm32f1xx_hal.o
 .bss           0x00000000        0x0 Drivers\STM32F1xx_HAL_Driver\Src\stm32f1xx_hal.o
 .text.HAL_MspInit
                0x00000000        0x2 Drivers\STM32F1xx_HAL_Driver\Src\stm32f1xx_hal.o
 .text.HAL_MspDeInit
                0x00000000        0x2 Drivers\STM32F1xx_HAL_Driver\Src\stm32f1xx_hal.o
 .text.HAL_DeInit
                0x00000000       0x20 Drivers\STM32F1xx_HAL_Driver\Src\stm32f1xx_hal.o
 .text.HAL_InitTick
                0x00000000       0x48 Drivers\STM32F1xx_HAL_Driver\Src\stm32f1xx_hal.o
 .text.HAL_GetTickPrio
                0x00000000        0xc Drivers\STM32F1xx_HAL_Driver\Src\stm32f1xx_hal.o
 .text.HAL_SetTickFreq
                0x00000000       0x28 Drivers\STM32F1xx_HAL_Driver\Src\stm32f1xx_hal.o
 .text.HAL_GetTickFreq
                0x00000000        0xc Drivers\STM32F1xx_HAL_Driver\Src\stm32f1xx_hal.o
 .text.HAL_SuspendTick
                0x00000000       0x10 Drivers\STM32F1xx_HAL_Driver\Src\stm32f1xx_hal.o
 .text.HAL_ResumeTick
                0x00000000       0x10 Drivers\STM32F1xx_HAL_Driver\Src\stm32f1xx_hal.o
 .text.HAL_GetHalVersion
                0x00000000        0x8 Drivers\STM32F1xx_HAL_Driver\Src\stm32f1xx_hal.o
 .text.HAL_GetREVID
                0x00000000        0xc Drivers\STM32F1xx_HAL_Driver\Src\stm32f1xx_hal.o
 .text.HAL_GetDEVID
                0x00000000       0x10 Drivers\STM32F1xx_HAL_Driver\Src\stm32f1xx_hal.o
 .text.HAL_GetUIDw0
[...]
Memory Configuration

Name             Origin             Length             Attributes
RAM              0x20000000         0x00005000         xrw
FLASH            0x08000000         0x00010000         xr
*default*        0x00000000         0xffffffff

Linker script and memory map

LOAD c:/program files (x86)/atollic/truestudio for stm32 9.3.0/armtools/bin/../lib/gcc/arm-atollic-eabi/6.3.1/armv7-m/crti.o
LOAD c:/program files (x86)/atollic/truestudio for stm32 9.3.0/armtools/bin/../lib/gcc/arm-atollic-eabi/6.3.1/armv7-m/crtbegin.o
LOAD Drivers\STM32F1xx_HAL_Driver\Src\stm32f1xx_hal.o
LOAD Drivers\STM32F1xx_HAL_Driver\Src\stm32f1xx_hal_can.o
LOAD Drivers\STM32F1xx_HAL_Driver\Src\stm32f1xx_hal_cortex.o
LOAD Drivers\STM32F1xx_HAL_Driver\Src\stm32f1xx_hal_dma.o
LOAD Drivers\STM32F1xx_HAL_Driver\Src\stm32f1xx_hal_exti.o
LOAD Drivers\STM32F1xx_HAL_Driver\Src\stm32f1xx_hal_flash.o
LOAD Drivers\STM32F1xx_HAL_Driver\Src\stm32f1xx_hal_flash_ex.o
LOAD Drivers\STM32F1xx_HAL_Driver\Src\stm32f1xx_hal_gpio.o
LOAD Drivers\STM32F1xx_HAL_Driver\Src\stm32f1xx_hal_gpio_ex.o
LOAD Drivers\STM32F1xx_HAL_Driver\Src\stm32f1xx_hal_pwr.o
LOAD Drivers\STM32F1xx_HAL_Driver\Src\stm32f1xx_hal_rcc.o
LOAD Drivers\STM32F1xx_HAL_Driver\Src\stm32f1xx_hal_rcc_ex.o
LOAD Drivers\STM32F1xx_HAL_Driver\Src\stm32f1xx_hal_spi.o
LOAD Drivers\STM32F1xx_HAL_Driver\Src\stm32f1xx_hal_tim.o
LOAD Drivers\STM32F1xx_HAL_Driver\Src\stm32f1xx_hal_tim_ex.o
LOAD Drivers\STM32F1xx_HAL_Driver\Src\stm32f1xx_hal_uart.o
LOAD Drivers\STM32F1xx_HAL_Driver\Src\stm32f1xx_hal_usart.o
LOAD Src\main.o
LOAD Src\stm32f1xx_hal_msp.o
LOAD Src\stm32f1xx_hal_timebase_tim.o
LOAD Src\stm32f1xx_it.o
LOAD Src\syscalls.o
LOAD Src\system_stm32f1xx.o
LOAD startup\startup_stm32f103xb.o
                0x00000080                malloc_getpagesize_P = 0x80
START GROUP
LOAD c:/program files (x86)/atollic/truestudio for stm32 9.3.0/armtools/bin/../lib/gcc/arm-atollic-eabi/6.3.1/../../../../arm-atollic-eabi/lib/armv7-m\libc_nano.a
LOAD c:/program files (x86)/atollic/truestudio for stm32 9.3.0/armtools/bin/../lib/gcc/arm-atollic-eabi/6.3.1/../../../../arm-atollic-eabi/lib/armv7-m\libm.a
END GROUP
START GROUP
LOAD c:/program files (x86)/atollic/truestudio for stm32 9.3.0/armtools/bin/../lib/gcc/arm-atollic-eabi/6.3.1/armv7-m\libgcc.a
LOAD c:/program files (x86)/atollic/truestudio for stm32 9.3.0/armtools/bin/../lib/gcc/arm-atollic-eabi/6.3.1/../../../../arm-atollic-eabi/lib/armv7-m\libc_nano.a
END GROUP
START GROUP
LOAD c:/program files (x86)/atollic/truestudio for stm32 9.3.0/armtools/bin/../lib/gcc/arm-atollic-eabi/6.3.1/armv7-m\libgcc.a
LOAD c:/program files (x86)/atollic/truestudio for stm32 9.3.0/armtools/bin/../lib/gcc/arm-atollic-eabi/6.3.1/../../../../arm-atollic-eabi/lib/armv7-m\libc_nano.a
LOAD c:/program files (x86)/atollic/truestudio for stm32 9.3.0/armtools/bin/../lib/gcc/arm-atollic-eabi/6.3.1/../../../../arm-atollic-eabi/lib/armv7-m\libnosys.a
END GROUP
START GROUP
LOAD c:/program files (x86)/atollic/truestudio for stm32 9.3.0/armtools/bin/../lib/gcc/arm-atollic-eabi/6.3.1/armv7-m\libgcc.a
LOAD c:/program files (x86)/atollic/truestudio for stm32 9.3.0/armtools/bin/../lib/gcc/arm-atollic-eabi/6.3.1/../../../../arm-atollic-eabi/lib/armv7-m\libc_nano.a
LOAD c:/program files (x86)/atollic/truestudio for stm32 9.3.0/armtools/bin/../lib/gcc/arm-atollic-eabi/6.3.1/../../../../arm-atollic-eabi/lib/armv7-m\libnosys.a
END GROUP
LOAD c:/program files (x86)/atollic/truestudio for stm32 9.3.0/armtools/bin/../lib/gcc/arm-atollic-eabi/6.3.1/armv7-m/crtend.o
LOAD c:/program files (x86)/atollic/truestudio for stm32 9.3.0/armtools/bin/../lib/gcc/arm-atollic-eabi/6.3.1/armv7-m/crtn.o
                0x20005000                _estack = 0x20005000
                0x00000200                _Min_Heap_Size = 0x200
                0x00000400                _Min_Stack_Size = 0x400

.isr_vector     0x08000000      0x10c
                0x08000000                . = ALIGN (0x4)
 *(.isr_vector)
 .isr_vector    0x08000000      0x10c startup\startup_stm32f103xb.o
                0x08000000                g_pfnVectors
                0x0800010c                . = ALIGN (0x4)

.text           0x0800010c     0x2084
                0x0800010c                . = ALIGN (0x4)
 *(.text)
 .text          0x0800010c       0x40 c:/program files (x86)/atollic/truestudio for stm32 9.3.0/armtools/bin/../lib/gcc/arm-atollic-eabi/6.3.1/armv7-m/crtbegin.o
 *(.text*)
 .text.HAL_Init
                0x0800014c       0x24 Drivers\STM32F1xx_HAL_Driver\Src\stm32f1xx_hal.o
                0x0800014c                HAL_Init
 .text.HAL_IncTick
                0x08000170       0x18 Drivers\STM32F1xx_HAL_Driver\Src\stm32f1xx_hal.o
                0x08000170                HAL_IncTick
 .text.HAL_GetTick
                0x08000188        0xc Drivers\STM32F1xx_HAL_Driver\Src\stm32f1xx_hal.o
                0x08000188                HAL_GetTick
 .text.HAL_Delay
                0x08000194       0x24 Drivers\STM32F1xx_HAL_Driver\Src\stm32f1xx_hal.o
                0x08000194                HAL_Delay
 .text.HAL_CAN_Init
                0x080001b8       0xf6 Drivers\STM32F1xx_HAL_Driver\Src\stm32f1xx_hal_can.o
                0x080001b8                HAL_CAN_Init
 *fill*         0x080002ae        0x2 
 .text.HAL_NVIC_SetPriorityGrouping
                0x080002b0       0x24 Drivers\STM32F1xx_HAL_Driver\Src\stm32f1xx_hal_cortex.o
                0x080002b0                HAL_NVIC_SetPriorityGrouping
 .text.HAL_NVIC_SetPriority
                0x080002d4       0x68 Drivers\STM32F1xx_HAL_Driver\Src\stm32f1xx_hal_cortex.o
                0x080002d4                HAL_NVIC_SetPriority
 .text.HAL_NVIC_EnableIRQ
                0x0800033c       0x1c Drivers\STM32F1xx_HAL_Driver\Src\stm32f1xx_hal_cortex.o
                0x0800033c                HAL_NVIC_EnableIRQ
 .text.HAL_DMA_Abort_IT
                0x08000358       0x90 Drivers\STM32F1xx_HAL_Driver\Src\stm32f1xx_hal_dma.o
                0x08000358                HAL_DMA_Abort_IT
 .text.HAL_GPIO_Init
                0x080003e8      0x1c4 Drivers\STM32F1xx_HAL_Driver\Src\stm32f1xx_hal_gpio.o
                0x080003e8                HAL_GPIO_Init
 .text.HAL_GPIO_WritePin
                0x080005ac        0xa Drivers\STM32F1xx_HAL_Driver\Src\stm32f1xx_hal_gpio.o
                0x080005ac                HAL_GPIO_WritePin
 .text.HAL_GPIO_TogglePin
                0x080005b6        0xc Drivers\STM32F1xx_HAL_Driver\Src\stm32f1xx_hal_gpio.o
                0x080005b6                HAL_GPIO_TogglePin
 *fill*         0x080005c2        0x2 
 .text.HAL_RCC_OscConfig
                0x080005c4      0x33c Drivers\STM32F1xx_HAL_Driver\Src\stm32f1xx_hal_rcc.o
                0x080005c4                HAL_RCC_OscConfig
 .text.HAL_RCC_GetSysClockFreq
                0x08000900       0x78 Drivers\STM32F1xx_HAL_Driver\Src\stm32f1xx_hal_rcc.o
                0x08000900                HAL_RCC_GetSysClockFreq
 .text.HAL_RCC_ClockConfig
                0x08000978      0x13c Drivers\STM32F1xx_HAL_Driver\Src\stm32f1xx_hal_rcc.o
                0x08000978                HAL_RCC_ClockConfig
 .text.HAL_RCC_GetPCLK1Freq
                0x08000ab4       0x20 Drivers\STM32F1xx_HAL_Driver\Src\stm32f1xx_hal_rcc.o
                0x08000ab4                HAL_RCC_GetPCLK1Freq
 .text.HAL_RCC_GetPCLK2Freq
                0x08000ad4       0x20 Drivers\STM32F1xx_HAL_Driver\Src\stm32f1xx_hal_rcc.o
                0x08000ad4                HAL_RCC_GetPCLK2Freq
 .text.HAL_RCC_GetClockConfig
                0x08000af4       0x3c Drivers\STM32F1xx_HAL_Driver\Src\stm32f1xx_hal_rcc.o
                0x08000af4                HAL_RCC_GetClockConfig
 .text.SPI_WaitFlagStateUntilTimeout.constprop.8
                0x08000b30       0x76 Drivers\STM32F1xx_HAL_Driver\Src\stm32f1xx_hal_spi.o
 .text.SPI_EndRxTxTransaction
                0x08000ba6       0x1c Drivers\STM32F1xx_HAL_Driver\Src\stm32f1xx_hal_spi.o
 .text.HAL_SPI_Init
                0x08000bc2       0x76 Drivers\STM32F1xx_HAL_Driver\Src\stm32f1xx_hal_spi.o
                0x08000bc2                HAL_SPI_Init
 .text.HAL_SPI_TransmitReceive
                0x08000c38      0x1e0 Drivers\STM32F1xx_HAL_Driver\Src\stm32f1xx_hal_spi.o
                0x08000c38                HAL_SPI_TransmitReceive
 .text.TIM_OC1_SetConfig
                0x08000e18       0x50 Drivers\STM32F1xx_HAL_Driver\Src\stm32f1xx_hal_tim.o
 .text.TIM_OC3_SetConfig
                0x08000e68       0x54 Drivers\STM32F1xx_HAL_Driver\Src\stm32f1xx_hal_tim.o
 .text.TIM_OC4_SetConfig
                0x08000ebc       0x44 Drivers\STM32F1xx_HAL_Driver\Src\stm32f1xx_hal_tim.o
 .text.HAL_TIM_Base_Start_IT
                0x08000f00       0x20 Drivers\STM32F1xx_HAL_Driver\Src\stm32f1xx_hal_tim.o
                0x08000f00                HAL_TIM_Base_Start_IT
 .text.HAL_TIM_PWM_MspInit
                0x08000f20        0x2 Drivers\STM32F1xx_HAL_Driver\Src\stm32f1xx_hal_tim.o
                0x08000f20                HAL_TIM_PWM_MspInit
 .text.HAL_TIM_OnePulse_MspInit
                0x08000f22        0x2 Drivers\STM32F1xx_HAL_Driver\Src\stm32f1xx_hal_tim.o
                0x08000f22                HAL_TIM_OnePulse_MspInit
 .text.HAL_TIM_OC_DelayElapsedCallback
                0x08000f24        0x2 Drivers\STM32F1xx_HAL_Driver\Src\stm32f1xx_hal_tim.o
                0x08000f24                HAL_TIM_OC_DelayElapsedCallback
 .text.HAL_TIM_IC_CaptureCallback
                0x08000f26        0x2 Drivers\STM32F1xx_HAL_Driver\Src\stm32f1xx_hal_tim.o
                0x08000f26                HAL_TIM_IC_CaptureCallback
 .text.HAL_TIM_PWM_PulseFinishedCallback
                0x08000f28        0x2 Drivers\STM32F1xx_HAL_Driver\Src\stm32f1xx_hal_tim.o
                0x08000f28                HAL_TIM_PWM_PulseFinishedCallback
 .text.HAL_TIM_TriggerCallback
                0x08000f2a        0x2 Drivers\STM32F1xx_HAL_Driver\Src\stm32f1xx_hal_tim.o
                0x08000f2a                HAL_TIM_TriggerCallback
 .text.HAL_TIM_IRQHandler
                0x08000f2c      0x144 Drivers\STM32F1xx_HAL_Driver\Src\stm32f1xx_hal_tim.o
                0x08000f2c                HAL_TIM_IRQHandler
 .text.TIM_Base_SetConfig
                0x08001070       0x70 Drivers\STM32F1xx_HAL_Driver\Src\stm32f1xx_hal_tim.o
                0x08001070                TIM_Base_SetConfig
 .text.HAL_TIM_Base_Init
                0x080010e0       0x34 Drivers\STM32F1xx_HAL_Driver\Src\stm32f1xx_hal_tim.o
                0x080010e0                HAL_TIM_Base_Init
 .text.HAL_TIM_PWM_Init
                0x08001114       0x34 Drivers\STM32F1xx_HAL_Driver\Src\stm32f1xx_hal_tim.o
                0x08001114                HAL_TIM_PWM_Init
 .text.HAL_TIM_OnePulse_Init
                0x08001148       0x46 Drivers\STM32F1xx_HAL_Driver\Src\stm32f1xx_hal_tim.o
                0x08001148                HAL_TIM_OnePulse_Init
 *fill*         0x0800118e        0x2 
 .text.TIM_OC2_SetConfig
                0x08001190       0x58 Drivers\STM32F1xx_HAL_Driver\Src\stm32f1xx_hal_tim.o
                0x08001190                TIM_OC2_SetConfig
 .text.HAL_TIM_PWM_ConfigChannel
                0x080011e8       0xc4 Drivers\STM32F1xx_HAL_Driver\Src\stm32f1xx_hal_tim.o
                0x080011e8                HAL_TIM_PWM_ConfigChannel
 .text.TIM_ETR_SetConfig
                0x080012ac       0x14 Drivers\STM32F1xx_HAL_Driver\Src\stm32f1xx_hal_tim.o
                0x080012ac                TIM_ETR_SetConfig
 .text.HAL_TIM_ConfigClockSource
                0x080012c0      0x128 Drivers\STM32F1xx_HAL_Driver\Src\stm32f1xx_hal_tim.o
                0x080012c0                HAL_TIM_ConfigClockSource
 .text.TIM_SlaveTimer_SetConfig
                0x080013e8       0xa4 Drivers\STM32F1xx_HAL_Driver\Src\stm32f1xx_hal_tim.o
 .text.HAL_TIM_SlaveConfigSynchro
                0x0800148c       0x4e Drivers\STM32F1xx_HAL_Driver\Src\stm32f1xx_hal_tim.o
                0x0800148c                HAL_TIM_SlaveConfigSynchro
 .text.HAL_TIMEx_MasterConfigSynchronization
                0x080014da       0x3c Drivers\STM32F1xx_HAL_Driver\Src\stm32f1xx_hal_tim_ex.o
                0x080014da                HAL_TIMEx_MasterConfigSynchronization
 .text.HAL_TIMEx_CommutCallback
                0x08001516        0x2 Drivers\STM32F1xx_HAL_Driver\Src\stm32f1xx_hal_tim_ex.o
                0x08001516                HAL_TIMEx_CommutCallback
 .text.HAL_TIMEx_BreakCallback
                0x08001518        0x2 Drivers\STM32F1xx_HAL_Driver\Src\stm32f1xx_hal_tim_ex.o
                0x08001518                HAL_TIMEx_BreakCallback
 .text.UART_EndRxTransfer
                0x0800151a       0x1a Drivers\STM32F1xx_HAL_Driver\Src\stm32f1xx_hal_uart.o
 .text.UART_SetConfig
                0x08001534       0x74 Drivers\STM32F1xx_HAL_Driver\Src\stm32f1xx_hal_uart.o
 .text.HAL_UART_Init
                0x080015a8       0x5c Drivers\STM32F1xx_HAL_Driver\Src\stm32f1xx_hal_uart.o
                0x080015a8                HAL_UART_Init
 .text.HAL_UART_Receive_IT
                0x08001604       0x4e Drivers\STM32F1xx_HAL_Driver\Src\stm32f1xx_hal_uart.o
                0x08001604                HAL_UART_Receive_IT
 .text.HAL_UART_TxCpltCallback
                0x08001652        0x2 Drivers\STM32F1xx_HAL_Driver\Src\stm32f1xx_hal_uart.o
                0x08001652                HAL_UART_TxCpltCallback
 .text.HAL_UART_RxCpltCallback
                0x08001654        0x2 Drivers\STM32F1xx_HAL_Driver\Src\stm32f1xx_hal_uart.o
                0x08001654                HAL_UART_RxCpltCallback
 .text.UART_Receive_IT
                0x08001656       0x7c Drivers\STM32F1xx_HAL_Driver\Src\stm32f1xx_hal_uart.o
 .text.HAL_UART_ErrorCallback
                0x080016d2        0x2 Drivers\STM32F1xx_HAL_Driver\Src\stm32f1xx_hal_uart.o
                0x080016d2                HAL_UART_ErrorCallback
 .text.HAL_UART_IRQHandler
                0x080016d4      0x140 Drivers\STM32F1xx_HAL_Driver\Src\stm32f1xx_hal_uart.o
                0x080016d4                HAL_UART_IRQHandler
 .text.UART_DMAAbortOnError
                0x08001814       0x10 Drivers\STM32F1xx_HAL_Driver\Src\stm32f1xx_hal_uart.o
 .text.HAL_USART_Init
                0x08001824       0xd8 Drivers\STM32F1xx_HAL_Driver\Src\stm32f1xx_hal_usart.o
                0x08001824                HAL_USART_Init
 .text.SystemClock_Config
                0x080018fc       0x44 Src\main.o
                0x080018fc                SystemClock_Config
 .text.PackHTMData
                0x08001940       0xa6 Src\main.o
                0x08001940                PackHTMData
 *fill*         0x080019e6        0x2 
 .text.startup.main
                0x080019e8      0x2c0 Src\main.o
                0x080019e8                main
 .text.HAL_TIM_PeriodElapsedCallback
                0x08001ca8       0x14 Src\main.o
                0x08001ca8                HAL_TIM_PeriodElapsedCallback
 .text.HAL_MspInit
                0x08001cbc       0x44 Src\stm32f1xx_hal_msp.o
                0x08001cbc                HAL_MspInit
 .text.HAL_CAN_MspInit
                0x08001d00       0x70 Src\stm32f1xx_hal_msp.o
                0x08001d00                HAL_CAN_MspInit
 .text.HAL_SPI_MspInit
                0x08001d70       0x84 Src\stm32f1xx_hal_msp.o
                0x08001d70                HAL_SPI_MspInit
 .text.HAL_TIM_Base_MspInit
                0x08001df4       0x58 Src\stm32f1xx_hal_msp.o
                0x08001df4                HAL_TIM_Base_MspInit
 .text.HAL_TIM_MspPostInit
                0x08001e4c       0x4c Src\stm32f1xx_hal_msp.o
                0x08001e4c                HAL_TIM_MspPostInit
 .text.HAL_UART_MspInit
                0x08001e98       0x88 Src\stm32f1xx_hal_msp.o
                0x08001e98                HAL_UART_MspInit
 .text.HAL_USART_MspInit
                0x08001f20       0x84 Src\stm32f1xx_hal_msp.o
                0x08001f20                HAL_USART_MspInit
 .text.HAL_InitTick
                0x08001fa4       0x78 Src\stm32f1xx_hal_timebase_tim.o
                0x08001fa4                HAL_InitTick
 .text.NMI_Handler
                0x0800201c        0x2 Src\stm32f1xx_it.o
                0x0800201c                NMI_Handler
 .text.HardFault_Handler
                0x0800201e        0x2 Src\stm32f1xx_it.o
                0x0800201e                HardFault_Handler
 .text.MemManage_Handler
                0x08002020        0x2 Src\stm32f1xx_it.o
                0x08002020                MemManage_Handler
 .text.BusFault_Handler
                0x08002022        0x2 Src\stm32f1xx_it.o
                0x08002022                BusFault_Handler
 .text.UsageFault_Handler
                0x08002024        0x2 Src\stm32f1xx_it.o
                0x08002024                UsageFault_Handler
 .text.SVC_Handler
                0x08002026        0x2 Src\stm32f1xx_it.o
                0x08002026                SVC_Handler
 .text.DebugMon_Handler
                0x08002028        0x2 Src\stm32f1xx_it.o
                0x08002028                DebugMon_Handler
 .text.PendSV_Handler
                0x0800202a        0x2 Src\stm32f1xx_it.o
                0x0800202a                PendSV_Handler
 .text.TIM1_UP_IRQHandler
                0x0800202c        0xc Src\stm32f1xx_it.o
                0x0800202c                TIM1_UP_IRQHandler
 .text.USART1_IRQHandler
                0x08002038        0xc Src\stm32f1xx_it.o
                0x08002038                USART1_IRQHandler
 .text.USART2_IRQHandler
                0x08002044       0x44 Src\stm32f1xx_it.o
                0x08002044                USART2_IRQHandler
 .text.SystemInit
                0x08002088       0x4c Src\system_stm32f1xx.o
                0x08002088                SystemInit
 .text.Reset_Handler
                0x080020d4       0x48 startup\startup_stm32f103xb.o
                0x080020d4                Reset_Handler
 .text.Default_Handler
                0x0800211c        0x2 startup\startup_stm32f103xb.o
                0x0800211c                RTC_Alarm_IRQHandler
                0x0800211c                EXTI2_IRQHandler
                0x0800211c                TIM1_CC_IRQHandler
                0x0800211c                SysTick_Handler
                0x0800211c                PVD_IRQHandler
                0x0800211c                EXTI3_IRQHandler
                0x0800211c                EXTI0_IRQHandler
                0x0800211c                I2C2_EV_IRQHandler
                0x0800211c                ADC1_2_IRQHandler
                0x0800211c                SPI1_IRQHandler
                0x0800211c                TAMPER_IRQHandler
                0x0800211c                DMA1_Channel4_IRQHandler
                0x0800211c                USART3_IRQHandler
                0x0800211c                RTC_IRQHandler
                0x0800211c                DMA1_Channel7_IRQHandler
                0x0800211c                CAN1_RX1_IRQHandler
                0x0800211c                TIM4_IRQHandler
                0x0800211c                I2C1_EV_IRQHandler
                0x0800211c                DMA1_Channel6_IRQHandler
                0x0800211c                TIM3_IRQHandler
                0x0800211c                RCC_IRQHandler
                0x0800211c                TIM1_TRG_COM_IRQHandler
                0x0800211c                DMA1_Channel1_IRQHandler
                0x0800211c                Default_Handler
                0x0800211c                EXTI15_10_IRQHandler
                0x0800211c                EXTI9_5_IRQHandler
                0x0800211c                SPI2_IRQHandler
                0x0800211c                DMA1_Channel5_IRQHandler
                0x0800211c                EXTI4_IRQHandler
                0x0800211c                USB_LP_CAN1_RX0_IRQHandler
                0x0800211c                USB_HP_CAN1_TX_IRQHandler
                0x0800211c                DMA1_Channel3_IRQHandler
                0x0800211c                WWDG_IRQHandler
                0x0800211c                TIM2_IRQHandler
                0x0800211c                TIM1_BRK_IRQHandler
                0x0800211c                EXTI1_IRQHandler
                0x0800211c                I2C2_ER_IRQHandler
                0x0800211c                DMA1_Channel2_IRQHandler
                0x0800211c                CAN1_SCE_IRQHandler
                0x0800211c                FLASH_IRQHandler
                0x0800211c                I2C1_ER_IRQHandler
                0x0800211c                USBWakeUp_IRQHandler
 *fill*         0x0800211e        0x2 
 .text.__libc_init_array
                0x08002120       0x48 c:/program files (x86)/atollic/truestudio for stm32 9.3.0/armtools/bin/../lib/gcc/arm-atollic-eabi/6.3.1/../../../../arm-atollic-eabi/lib/armv7-m\libc_nano.a(lib_a-init.o)
                0x08002120                __libc_init_array
 .text.memset   0x08002168       0x10 c:/program files (x86)/atollic/truestudio for stm32 9.3.0/armtools/bin/../lib/gcc/arm-atollic-eabi/6.3.1/../../../../arm-atollic-eabi/lib/armv7-m\libc_nano.a(lib_a-memset.o)
                0x08002168                memset
 *(.glue_7)
 .glue_7        0x08002178        0x0 linker stubs
 *(.glue_7t)
 .glue_7t       0x08002178        0x0 linker stubs
 *(.eh_frame)
 .eh_frame      0x08002178        0x0 c:/program files (x86)/atollic/truestudio for stm32 9.3.0/armtools/bin/../lib/gcc/arm-atollic-eabi/6.3.1/armv7-m/crtbegin.o
 *(.init)
 .init          0x08002178        0x4 c:/program files (x86)/atollic/truestudio for stm32 9.3.0/armtools/bin/../lib/gcc/arm-atollic-eabi/6.3.1/armv7-m/crti.o
                0x08002178                _init
 .init          0x0800217c        0x8 c:/program files (x86)/atollic/truestudio for stm32 9.3.0/armtools/bin/../lib/gcc/arm-atollic-eabi/6.3.1/armv7-m/crtn.o
 *(.fini)
 .fini          0x08002184        0x4 c:/program files (x86)/atollic/truestudio for stm32 9.3.0/armtools/bin/../lib/gcc/arm-atollic-eabi/6.3.1/armv7-m/crti.o
                0x08002184                _fini
 .fini          0x08002188        0x8 c:/program files (x86)/atollic/truestudio for stm32 9.3.0/armtools/bin/../lib/gcc/arm-atollic-eabi/6.3.1/armv7-m/crtn.o
                0x08002190                . = ALIGN (0x4)
                0x08002190                _etext = .

.vfp11_veneer   0x08002190        0x0
 .vfp11_veneer  0x08002190        0x0 linker stubs

.v4_bx          0x08002190        0x0
 .v4_bx         0x08002190        0x0 linker stubs

.iplt           0x08002190        0x0
 .iplt          0x08002190        0x0 c:/program files (x86)/atollic/truestudio for stm32 9.3.0/armtools/bin/../lib/gcc/arm-atollic-eabi/6.3.1/armv7-m/crtbegin.o

.rodata         0x08002190       0x28
                0x08002190                . = ALIGN (0x4)
 *(.rodata)
 .rodata        0x08002190       0x10 Drivers\STM32F1xx_HAL_Driver\Src\stm32f1xx_hal_rcc.o
 *(.rodata*)
 .rodata.AHBPrescTable
                0x080021a0       0x10 Src\system_stm32f1xx.o
                0x080021a0                AHBPrescTable
 .rodata.APBPrescTable
                0x080021b0        0x8 Src\system_stm32f1xx.o
                0x080021b0                APBPrescTable
                0x080021b8                . = ALIGN (0x4)

.rel.dyn        0x080021b8        0x0
 .rel.iplt      0x080021b8        0x0 c:/program files (x86)/atollic/truestudio for stm32 9.3.0/armtools/bin/../lib/gcc/arm-atollic-eabi/6.3.1/armv7-m/crtbegin.o

.ARM.extab
 *(.ARM.extab* .gnu.linkonce.armextab.*)

.ARM            0x080021b8        0x0
                0x080021b8                __exidx_start = .
 *(.ARM.exidx*)
                0x080021b8                __exidx_end = .

.preinit_array  0x080021b8        0x0
                0x080021b8                PROVIDE (__preinit_array_start, .)
 *(.preinit_array*)
                0x080021b8                PROVIDE (__preinit_array_end, .)

.init_array     0x080021b8        0x4
                0x080021b8                PROVIDE (__init_array_start, .)
 *(SORT(.init_array.*))
 *(.init_array*)
 .init_array    0x080021b8        0x4 c:/program files (x86)/atollic/truestudio for stm32 9.3.0/armtools/bin/../lib/gcc/arm-atollic-eabi/6.3.1/armv7-m/crtbegin.o
                0x080021bc                PROVIDE (__init_array_end, .)

.fini_array     0x080021bc        0x4
                [!provide]                PROVIDE (__fini_array_start, .)
 *(SORT(.fini_array.*))
 *(.fini_array*)
 .fini_array    0x080021bc        0x4 c:/program files (x86)/atollic/truestudio for stm32 9.3.0/armtools/bin/../lib/gcc/arm-atollic-eabi/6.3.1/armv7-m/crtbegin.o
                [!provide]                PROVIDE (__fini_array_end, .)
                0x080021c0                _sidata = LOADADDR (.data)

.data           0x20000000        0xc load address 0x080021c0
                0x20000000                . = ALIGN (0x4)
                0x20000000                _sdata = .
 *(.data)
 *(.data*)
 .data.uwTickFreq
                0x20000000        0x1 Drivers\STM32F1xx_HAL_Driver\Src\stm32f1xx_hal.o
                0x20000000                uwTickFreq
 *fill*         0x20000001        0x3 
 .data.uwTickPrio
                0x20000004        0x4 Drivers\STM32F1xx_HAL_Driver\Src\stm32f1xx_hal.o
                0x20000004                uwTickPrio
 .data.SystemCoreClock
                0x20000008        0x4 Src\system_stm32f1xx.o
                0x20000008                SystemCoreClock
                0x2000000c                . = ALIGN (0x4)
                0x2000000c                _edata = .

.igot.plt       0x2000000c        0x0 load address 0x080021cc
 .igot.plt      0x2000000c        0x0 c:/program files (x86)/atollic/truestudio for stm32 9.3.0/armtools/bin/../lib/gcc/arm-atollic-eabi/6.3.1/armv7-m/crtbegin.o
                0x2000000c                . = ALIGN (0x4)

.bss            0x2000000c      0xe24 load address 0x080021cc
                0x2000000c                _sbss = .
                0x2000000c                __bss_start__ = _sbss
 *(.bss)
 .bss           0x2000000c       0x1c c:/program files (x86)/atollic/truestudio for stm32 9.3.0/armtools/bin/../lib/gcc/arm-atollic-eabi/6.3.1/armv7-m/crtbegin.o
 *(.bss*)
 .bss.rxDat     0x20000028      0x100 Src\main.o
                0x20000028                rxDat
 .bss.txDat     0x20000128      0x100 Src\main.o
                0x20000128                txDat
 .bss.byte_counter.6464
                0x20000228        0x2 Src\stm32f1xx_it.o
 *(COMMON)
 *fill*         0x2000022a        0x2 
 COMMON         0x2000022c        0x4 Drivers\STM32F1xx_HAL_Driver\Src\stm32f1xx_hal.o
                0x2000022c                uwTick
 COMMON         0x20000230      0xbc0 Src\main.o
                0x20000230                htm_data
                0x20000280                hcan
                0x200002a8                adc_vals
                0x200002b4                htim3
                0x200002f4                uart1_rx_buffer
                0x200002f8                huart1
                0x20000338                mth_data
                0x2000039c                husart2
                0x200003e0                tx_buff
                0x20000be0                hspi1
                0x20000c38                tx_data
 COMMON         0x20000df0       0x40 Src\stm32f1xx_hal_timebase_tim.o
                0x20000df0                htim1
                0x20000e30                . = ALIGN (0x4)
                0x20000e30                _ebss = .
                0x20000e30                __bss_end__ = _ebss

._user_heap_stack
                0x20000e30      0x600 load address 0x080021cc
                0x20000e30                . = ALIGN (0x4)
                0x20000e30                PROVIDE (end, .)
                [!provide]                PROVIDE (_end, .)
                0x20001030                . = (. + _Min_Heap_Size)
 *fill*         0x20000e30      0x200 
                0x20001430                . = (. + _Min_Stack_Size)
 *fill*         0x20001030      0x400 
                0x20001430                . = ALIGN (0x4)

/DISCARD/
 libc.a(*)
 libm.a(*)
 libgcc.a(*)

.ARM.attributes
                0x00000000       0x29
 *(.ARM.attributes)
 .ARM.attributes
                0x00000000       0x1d c:/program files (x86)/atollic/truestudio for stm32 9.3.0/armtools/bin/../lib/gcc/arm-atollic-eabi/6.3.1/armv7-m/crti.o
 .ARM.attributes
                0x0000001d       0x2d c:/program files (x86)/atollic/truestudio for stm32 9.3.0/armtools/bin/../lib/gcc/arm-atollic-eabi/6.3.1/armv7-m/crtbegin.o
 .ARM.attributes
                0x0000004a       0x33 Drivers\STM32F1xx_HAL_Driver\Src\stm32f1xx_hal.o
 .ARM.attributes
                0x0000007d       0x33 Drivers\STM32F1xx_HAL_Driver\Src\stm32f1xx_hal_can.o
 .ARM.attributes
                0x000000b0       0x33 Drivers\STM32F1xx_HAL_Driver\Src\stm32f1xx_hal_cortex.o
 .ARM.attributes
                0x000000e3       0x33 Drivers\STM32F1xx_HAL_Driver\Src\stm32f1xx_hal_dma.o
 .ARM.attributes
                0x00000116       0x33 Drivers\STM32F1xx_HAL_Driver\Src\stm32f1xx_hal_gpio.o
 .ARM.attributes
                0x00000149       0x33 Drivers\STM32F1xx_HAL_Driver\Src\stm32f1xx_hal_rcc.o
 .ARM.attributes
                0x0000017c       0x33 Drivers\STM32F1xx_HAL_Driver\Src\stm32f1xx_hal_spi.o
 .ARM.attributes
                0x000001af       0x33 Drivers\STM32F1xx_HAL_Driver\Src\stm32f1xx_hal_tim.o
 .ARM.attributes
                0x000001e2       0x33 Drivers\STM32F1xx_HAL_Driver\Src\stm32f1xx_hal_tim_ex.o
 .ARM.attributes
                0x00000215       0x33 Drivers\STM32F1xx_HAL_Driver\Src\stm32f1xx_hal_uart.o
 .ARM.attributes
                0x00000248       0x33 Drivers\STM32F1xx_HAL_Driver\Src\stm32f1xx_hal_usart.o
 .ARM.attributes
                0x0000027b       0x33 Src\main.o
 .ARM.attributes
                0x000002ae       0x33 Src\stm32f1xx_hal_msp.o
 .ARM.attributes
                0x000002e1       0x33 Src\stm32f1xx_hal_timebase_tim.o
 .ARM.attributes
                0x00000314       0x33 Src\stm32f1xx_it.o
 .ARM.attributes
                0x00000347       0x33 Src\system_stm32f1xx.o
 .ARM.attributes
                0x0000037a       0x21 startup\startup_stm32f103xb.o
 .ARM.attributes
                0x0000039b       0x2d c:/program files (x86)/atollic/truestudio for stm32 9.3.0/armtools/bin/../lib/gcc/arm-atollic-eabi/6.3.1/../../../../arm-atollic-eabi/lib/armv7-m\libc_nano.a(lib_a-init.o)
 .ARM.attributes
                0x000003c8       0x2d c:/program files (x86)/atollic/truestudio for stm32 9.3.0/armtools/bin/../lib/gcc/arm-atollic-eabi/6.3.1/../../../../arm-atollic-eabi/lib/armv7-m\libc_nano.a(lib_a-memset.o)
 .ARM.attributes
                0x000003f5       0x1d c:/program files (x86)/atollic/truestudio for stm32 9.3.0/armtools/bin/../lib/gcc/arm-atollic-eabi/6.3.1/armv7-m/crtn.o
OUTPUT(ToyotaHybridx1.elf elf32-littlearm)

.debug_info     0x00000000    0x1274a
 .debug_info    0x00000000      0x7cd Drivers\STM32F1xx_HAL_Driver\Src\stm32f1xx_hal.o
 .debug_info    0x000007cd     0x10e1 Drivers\STM32F1xx_HAL_Driver\Src\stm32f1xx_hal_can.o
 .debug_info    0x000018ae      0xca7 Drivers\STM32F1xx_HAL_Driver\Src\stm32f1xx_hal_cortex.o
 .debug_info    0x00002555      0x837 Drivers\STM32F1xx_HAL_Driver\Src\stm32f1xx_hal_dma.o
 .debug_info    0x00002d8c      0x691 Drivers\STM32F1xx_HAL_Driver\Src\stm32f1xx_hal_gpio.o
 .debug_info    0x0000341d      0xa01 Drivers\STM32F1xx_HAL_Driver\Src\stm32f1xx_hal_rcc.o
 .debug_info    0x00003e1e     0x1cbc Drivers\STM32F1xx_HAL_Driver\Src\stm32f1xx_hal_spi.o
 .debug_info    0x00005ada     0x34cc Drivers\STM32F1xx_HAL_Driver\Src\stm32f1xx_hal_tim.o
 .debug_info    0x00008fa6     0x12fc Drivers\STM32F1xx_HAL_Driver\Src\stm32f1xx_hal_tim_ex.o
 .debug_info    0x0000a2a2     0x1632 Drivers\STM32F1xx_HAL_Driver\Src\stm32f1xx_hal_uart.o
 .debug_info    0x0000b8d4     0x155a Drivers\STM32F1xx_HAL_Driver\Src\stm32f1xx_hal_usart.o
 .debug_info    0x0000ce2e     0x2692 Src\main.o
 .debug_info    0x0000f4c0     0x18ee Src\stm32f1xx_hal_msp.o
 .debug_info    0x00010dae      0x9ac Src\stm32f1xx_hal_timebase_tim.o
 .debug_info    0x0001175a      0xb49 Src\stm32f1xx_it.o
 .debug_info    0x000122a3      0x437 Src\system_stm32f1xx.o
 .debug_info    0x000126da       0x70 startup\startup_stm32f103xb.o

.debug_abbrev   0x00000000     0x29b8
 .debug_abbrev  0x00000000      0x24a Drivers\STM32F1xx_HAL_Driver\Src\stm32f1xx_hal.o
 .debug_abbrev  0x0000024a      0x2a8 Drivers\STM32F1xx_HAL_Driver\Src\stm32f1xx_hal_can.o
 .debug_abbrev  0x000004f2      0x2f8 Drivers\STM32F1xx_HAL_Driver\Src\stm32f1xx_hal_cortex.o
 .debug_abbrev  0x000007ea      0x22d Drivers\STM32F1xx_HAL_Driver\Src\stm32f1xx_hal_dma.o
 .debug_abbrev  0x00000a17      0x1e4 Drivers\STM32F1xx_HAL_Driver\Src\stm32f1xx_hal_gpio.o
 .debug_abbrev  0x00000bfb      0x2c1 Drivers\STM32F1xx_HAL_Driver\Src\stm32f1xx_hal_rcc.o
 .debug_abbrev  0x00000ebc      0x33e Drivers\STM32F1xx_HAL_Driver\Src\stm32f1xx_hal_spi.o
 .debug_abbrev  0x000011fa      0x335 Drivers\STM32F1xx_HAL_Driver\Src\stm32f1xx_hal_tim.o
 .debug_abbrev  0x0000152f      0x29c Drivers\STM32F1xx_HAL_Driver\Src\stm32f1xx_hal_tim_ex.o
 .debug_abbrev  0x000017cb      0x2f3 Drivers\STM32F1xx_HAL_Driver\Src\stm32f1xx_hal_uart.o
 .debug_abbrev  0x00001abe      0x2f5 Drivers\STM32F1xx_HAL_Driver\Src\stm32f1xx_hal_usart.o
 .debug_abbrev  0x00001db3      0x477 Src\main.o
 .debug_abbrev  0x0000222a      0x270 Src\stm32f1xx_hal_msp.o
 .debug_abbrev  0x0000249a      0x1e7 Src\stm32f1xx_hal_timebase_tim.o
 .debug_abbrev  0x00002681      0x1f6 Src\stm32f1xx_it.o
 .debug_abbrev  0x00002877      0x12f Src\system_stm32f1xx.o
 .debug_abbrev  0x000029a6       0x12 startup\startup_stm32f103xb.o

.debug_loc      0x00000000     0x9adf
 .debug_loc     0x00000000      0x10c Drivers\STM32F1xx_HAL_Driver\Src\stm32f1xx_hal.o
 .debug_loc     0x0000010c      0xa88 Drivers\STM32F1xx_HAL_Driver\Src\stm32f1xx_hal_can.o
 .debug_loc     0x00000b94      0x487 Drivers\STM32F1xx_HAL_Driver\Src\stm32f1xx_hal_cortex.o
 .debug_loc     0x0000101b      0x5ed Drivers\STM32F1xx_HAL_Driver\Src\stm32f1xx_hal_dma.o
 .debug_loc     0x00001608      0x2f5 Drivers\STM32F1xx_HAL_Driver\Src\stm32f1xx_hal_gpio.o
 .debug_loc     0x000018fd      0x478 Drivers\STM32F1xx_HAL_Driver\Src\stm32f1xx_hal_rcc.o
 .debug_loc     0x00001d75     0x1703 Drivers\STM32F1xx_HAL_Driver\Src\stm32f1xx_hal_spi.o
 .debug_loc     0x00003478     0x2f5a Drivers\STM32F1xx_HAL_Driver\Src\stm32f1xx_hal_tim.o
 .debug_loc     0x000063d2      0xa7c Drivers\STM32F1xx_HAL_Driver\Src\stm32f1xx_hal_tim_ex.o
 .debug_loc     0x00006e4e     0x1362 Drivers\STM32F1xx_HAL_Driver\Src\stm32f1xx_hal_uart.o
 .debug_loc     0x000081b0     0x1204 Drivers\STM32F1xx_HAL_Driver\Src\stm32f1xx_hal_usart.o
 .debug_loc     0x000093b4      0x39c Src\main.o
 .debug_loc     0x00009750      0x208 Src\stm32f1xx_hal_msp.o
 .debug_loc     0x00009958       0x94 Src\stm32f1xx_hal_timebase_tim.o
 .debug_loc     0x000099ec       0x26 Src\stm32f1xx_it.o
 .debug_loc     0x00009a12       0xcd Src\system_stm32f1xx.o

.debug_aranges  0x00000000      0xcc8
 .debug_aranges
                0x00000000       0xd8 Drivers\STM32F1xx_HAL_Driver\Src\stm32f1xx_hal.o
 .debug_aranges
                0x000000d8       0xc8 Drivers\STM32F1xx_HAL_Driver\Src\stm32f1xx_hal_can.o
 .debug_aranges
                0x000001a0       0x90 Drivers\STM32F1xx_HAL_Driver\Src\stm32f1xx_hal_cortex.o
 .debug_aranges
                0x00000230       0x78 Drivers\STM32F1xx_HAL_Driver\Src\stm32f1xx_hal_dma.o
 .debug_aranges
                0x000002a8       0x58 Drivers\STM32F1xx_HAL_Driver\Src\stm32f1xx_hal_gpio.o
 .debug_aranges
                0x00000300       0x88 Drivers\STM32F1xx_HAL_Driver\Src\stm32f1xx_hal_rcc.o
 .debug_aranges
                0x00000388      0x188 Drivers\STM32F1xx_HAL_Driver\Src\stm32f1xx_hal_spi.o
 .debug_aranges
                0x00000510      0x278 Drivers\STM32F1xx_HAL_Driver\Src\stm32f1xx_hal_tim.o
 .debug_aranges
                0x00000788       0xf8 Drivers\STM32F1xx_HAL_Driver\Src\stm32f1xx_hal_tim_ex.o
 .debug_aranges
                0x00000880      0x170 Drivers\STM32F1xx_HAL_Driver\Src\stm32f1xx_hal_uart.o
 .debug_aranges
                0x000009f0      0x118 Drivers\STM32F1xx_HAL_Driver\Src\stm32f1xx_hal_usart.o
 .debug_aranges
                0x00000b08       0x70 Src\main.o
 .debug_aranges
                0x00000b78       0x78 Src\stm32f1xx_hal_msp.o
 .debug_aranges
                0x00000bf0       0x30 Src\stm32f1xx_hal_timebase_tim.o
 .debug_aranges
                0x00000c20       0x58 Src\stm32f1xx_it.o
 .debug_aranges
                0x00000c78       0x28 Src\system_stm32f1xx.o
 .debug_aranges
                0x00000ca0       0x28 startup\startup_stm32f103xb.o

.debug_ranges   0x00000000     0x1150
 .debug_ranges  0x00000000       0xc8 Drivers\STM32F1xx_HAL_Driver\Src\stm32f1xx_hal.o
 .debug_ranges  0x000000c8       0xb8 Drivers\STM32F1xx_HAL_Driver\Src\stm32f1xx_hal_can.o
 .debug_ranges  0x00000180      0x128 Drivers\STM32F1xx_HAL_Driver\Src\stm32f1xx_hal_cortex.o
 .debug_ranges  0x000002a8       0xa8 Drivers\STM32F1xx_HAL_Driver\Src\stm32f1xx_hal_dma.o
 .debug_ranges  0x00000350       0x60 Drivers\STM32F1xx_HAL_Driver\Src\stm32f1xx_hal_gpio.o
 .debug_ranges  0x000003b0       0xa0 Drivers\STM32F1xx_HAL_Driver\Src\stm32f1xx_hal_rcc.o
 .debug_ranges  0x00000450      0x1a8 Drivers\STM32F1xx_HAL_Driver\Src\stm32f1xx_hal_spi.o
 .debug_ranges  0x000005f8      0x348 Drivers\STM32F1xx_HAL_Driver\Src\stm32f1xx_hal_tim.o
 .debug_ranges  0x00000940       0xe8 Drivers\STM32F1xx_HAL_Driver\Src\stm32f1xx_hal_tim_ex.o
 .debug_ranges  0x00000a28      0x190 Drivers\STM32F1xx_HAL_Driver\Src\stm32f1xx_hal_uart.o
 .debug_ranges  0x00000bb8      0x188 Drivers\STM32F1xx_HAL_Driver\Src\stm32f1xx_hal_usart.o
 .debug_ranges  0x00000d40      0x1a8 Src\main.o
 .debug_ranges  0x00000ee8      0x1a0 Src\stm32f1xx_hal_msp.o
 .debug_ranges  0x00001088       0x48 Src\stm32f1xx_hal_timebase_tim.o
 .debug_ranges  0x000010d0       0x48 Src\stm32f1xx_it.o
 .debug_ranges  0x00001118       0x18 Src\system_stm32f1xx.o
 .debug_ranges  0x00001130       0x20 startup\startup_stm32f103xb.o

.debug_line     0x00000000     0x6adc
 .debug_line    0x00000000      0x3eb Drivers\STM32F1xx_HAL_Driver\Src\stm32f1xx_hal.o
 .debug_line    0x000003eb      0x634 Drivers\STM32F1xx_HAL_Driver\Src\stm32f1xx_hal_can.o
 .debug_line    0x00000a1f      0x3e6 Drivers\STM32F1xx_HAL_Driver\Src\stm32f1xx_hal_cortex.o
 .debug_line    0x00000e05      0x5fb Drivers\STM32F1xx_HAL_Driver\Src\stm32f1xx_hal_dma.o
 .debug_line    0x00001400      0x3ab Drivers\STM32F1xx_HAL_Driver\Src\stm32f1xx_hal_gpio.o
 .debug_line    0x000017ab      0x582 Drivers\STM32F1xx_HAL_Driver\Src\stm32f1xx_hal_rcc.o
 .debug_line    0x00001d2d      0xbb2 Drivers\STM32F1xx_HAL_Driver\Src\stm32f1xx_hal_spi.o
 .debug_line    0x000028df     0x1179 Drivers\STM32F1xx_HAL_Driver\Src\stm32f1xx_hal_tim.o
 .debug_line    0x00003a58      0x6d5 Drivers\STM32F1xx_HAL_Driver\Src\stm32f1xx_hal_tim_ex.o
 .debug_line    0x0000412d      0xbda Drivers\STM32F1xx_HAL_Driver\Src\stm32f1xx_hal_uart.o
 .debug_line    0x00004d07      0xb6b Drivers\STM32F1xx_HAL_Driver\Src\stm32f1xx_hal_usart.o
 .debug_line    0x00005872      0x5b7 Src\main.o
 .debug_line    0x00005e29      0x464 Src\stm32f1xx_hal_msp.o
 .debug_line    0x0000628d      0x2aa Src\stm32f1xx_hal_timebase_tim.o
 .debug_line    0x00006537      0x300 Src\stm32f1xx_it.o
 .debug_line    0x00006837      0x228 Src\system_stm32f1xx.o
 .debug_line    0x00006a5f       0x7d startup\startup_stm32f103xb.o

.debug_str      0x00000000     0x4b10
 .debug_str     0x00000000      0x7f8 Drivers\STM32F1xx_HAL_Driver\Src\stm32f1xx_hal.o
                                0x861 (size before relaxing)
 .debug_str     0x000007f8      0x7ef Drivers\STM32F1xx_HAL_Driver\Src\stm32f1xx_hal_can.o
                                0xb00 (size before relaxing)
 .debug_str     0x00000fe7      0x393 Drivers\STM32F1xx_HAL_Driver\Src\stm32f1xx_hal_cortex.o
                                0x983 (size before relaxing)
 .debug_str     0x0000137a      0x3d3 Drivers\STM32F1xx_HAL_Driver\Src\stm32f1xx_hal_dma.o
                                0x6d1 (size before relaxing)
 .debug_str     0x0000174d      0x1ca Drivers\STM32F1xx_HAL_Driver\Src\stm32f1xx_hal_gpio.o
                                0x4d4 (size before relaxing)
 .debug_str     0x00001917      0x322 Drivers\STM32F1xx_HAL_Driver\Src\stm32f1xx_hal_rcc.o
                                0x6bd (size before relaxing)
 .debug_str     0x00001c39      0x6eb Drivers\STM32F1xx_HAL_Driver\Src\stm32f1xx_hal_spi.o
                                0xbf8 (size before relaxing)
 .debug_str     0x00002324      0xff0 Drivers\STM32F1xx_HAL_Driver\Src\stm32f1xx_hal_tim.o
                               0x1505 (size before relaxing)
 .debug_str     0x00003314      0x548 Drivers\STM32F1xx_HAL_Driver\Src\stm32f1xx_hal_tim_ex.o
                                0xd1d (size before relaxing)
 .debug_str     0x0000385c      0x67c Drivers\STM32F1xx_HAL_Driver\Src\stm32f1xx_hal_uart.o
                                0xc4d (size before relaxing)
 .debug_str     0x00003ed8      0x4c3 Drivers\STM32F1xx_HAL_Driver\Src\stm32f1xx_hal_usart.o
                                0xb23 (size before relaxing)
 .debug_str     0x0000439b      0x5d9 Src\main.o
                               0x17ff (size before relaxing)
 .debug_str     0x00004974       0x25 Src\stm32f1xx_hal_msp.o
                               0x11d0 (size before relaxing)
 .debug_str     0x00004999       0x50 Src\stm32f1xx_hal_timebase_tim.o
                                0xabd (size before relaxing)
 .debug_str     0x000049e9       0xda Src\stm32f1xx_it.o
                                0xa53 (size before relaxing)
 .debug_str     0x00004ac3       0x4d Src\system_stm32f1xx.o
                                0x343 (size before relaxing)

.comment        0x00000000       0x7c
 .comment       0x00000000       0x7c Drivers\STM32F1xx_HAL_Driver\Src\stm32f1xx_hal.o
                                 0x7d (size before relaxing)
 .comment       0x0000007c       0x7d Drivers\STM32F1xx_HAL_Driver\Src\stm32f1xx_hal_can.o
 .comment       0x0000007c       0x7d Drivers\STM32F1xx_HAL_Driver\Src\stm32f1xx_hal_cortex.o
 .comment       0x0000007c       0x7d Drivers\STM32F1xx_HAL_Driver\Src\stm32f1xx_hal_dma.o
 .comment       0x0000007c       0x7d Drivers\STM32F1xx_HAL_Driver\Src\stm32f1xx_hal_gpio.o
 .comment       0x0000007c       0x7d Drivers\STM32F1xx_HAL_Driver\Src\stm32f1xx_hal_rcc.o
 .comment       0x0000007c       0x7d Drivers\STM32F1xx_HAL_Driver\Src\stm32f1xx_hal_spi.o
 .comment       0x0000007c       0x7d Drivers\STM32F1xx_HAL_Driver\Src\stm32f1xx_hal_tim.o
 .comment       0x0000007c       0x7d Drivers\STM32F1xx_HAL_Driver\Src\stm32f1xx_hal_tim_ex.o
 .comment       0x0000007c       0x7d Drivers\STM32F1xx_HAL_Driver\Src\stm32f1xx_hal_uart.o
 .comment       0x0000007c       0x7d Drivers\STM32F1xx_HAL_Driver\Src\stm32f1xx_hal_usart.o
 .comment       0x0000007c       0x7d Src\main.o
 .comment       0x0000007c       0x7d Src\stm32f1xx_hal_msp.o
 .comment       0x0000007c       0x7d Src\stm32f1xx_hal_timebase_tim.o
 .comment       0x0000007c       0x7d Src\stm32f1xx_it.o
 .comment       0x0000007c       0x7d Src\system_stm32f1xx.o

.debug_frame    0x00000000     0x2760
 .debug_frame   0x00000000      0x1d4 Drivers\STM32F1xx_HAL_Driver\Src\stm32f1xx_hal.o
 .debug_frame   0x000001d4      0x2cc Drivers\STM32F1xx_HAL_Driver\Src\stm32f1xx_hal_can.o
 .debug_frame   0x000004a0      0x120 Drivers\STM32F1xx_HAL_Driver\Src\stm32f1xx_hal_cortex.o
 .debug_frame   0x000005c0      0x144 Drivers\STM32F1xx_HAL_Driver\Src\stm32f1xx_hal_dma.o
 .debug_frame   0x00000704       0xd4 Drivers\STM32F1xx_HAL_Driver\Src\stm32f1xx_hal_gpio.o
 .debug_frame   0x000007d8      0x150 Drivers\STM32F1xx_HAL_Driver\Src\stm32f1xx_hal_rcc.o
 .debug_frame   0x00000928      0x568 Drivers\STM32F1xx_HAL_Driver\Src\stm32f1xx_hal_spi.o
 .debug_frame   0x00000e90      0x928 Drivers\STM32F1xx_HAL_Driver\Src\stm32f1xx_hal_tim.o
 .debug_frame   0x000017b8      0x360 Drivers\STM32F1xx_HAL_Driver\Src\stm32f1xx_hal_tim_ex.o
 .debug_frame   0x00001b18      0x498 Drivers\STM32F1xx_HAL_Driver\Src\stm32f1xx_hal_uart.o
 .debug_frame   0x00001fb0      0x3c8 Drivers\STM32F1xx_HAL_Driver\Src\stm32f1xx_hal_usart.o
 .debug_frame   0x00002378      0x104 Src\main.o
 .debug_frame   0x0000247c      0x158 Src\stm32f1xx_hal_msp.o
 .debug_frame   0x000025d4       0x50 Src\stm32f1xx_hal_timebase_tim.o
 .debug_frame   0x00002624       0xc0 Src\stm32f1xx_it.o
 .debug_frame   0x000026e4       0x30 Src\system_stm32f1xx.o
 .debug_frame   0x00002714       0x2c c:/program files (x86)/atollic/truestudio for stm32 9.3.0/armtools/bin/../lib/gcc/arm-atollic-eabi/6.3.1/../../../../arm-atollic-eabi/lib/armv7-m\libc_nano.a(lib_a-init.o)
 .debug_frame   0x00002740       0x20 c:/program files (x86)/atollic/truestudio for stm32 9.3.0/armtools/bin/../lib/gcc/arm-atollic-eabi/6.3.1/../../../../arm-atollic-eabi/lib/armv7-m\libc_nano.a(lib_a-memset.o)
