Archive member included to satisfy reference by file (symbol)

c:/program files (x86)/atollic/truestudio for stm32 9.3.0/armtools/bin/../lib/gcc/arm-atollic-eabi/6.3.1/../../../../arm-atollic-eabi/lib/armv7-m\libc_nano.a(lib_a-errno.o)
                              Src\syscalls.o (__errno)
c:/program files (x86)/atollic/truestudio for stm32 9.3.0/armtools/bin/../lib/gcc/arm-atollic-eabi/6.3.1/../../../../arm-atollic-eabi/lib/armv7-m\libc_nano.a(lib_a-impure.o)
                              c:/program files (x86)/atollic/truestudio for stm32 9.3.0/armtools/bin/../lib/gcc/arm-atollic-eabi/6.3.1/../../../../arm-atollic-eabi/lib/armv7-m\libc_nano.a(lib_a-errno.o) (_impure_ptr)
c:/program files (x86)/atollic/truestudio for stm32 9.3.0/armtools/bin/../lib/gcc/arm-atollic-eabi/6.3.1/../../../../arm-atollic-eabi/lib/armv7-m\libc_nano.a(lib_a-init.o)
                              startup\startup_stm32f103xb.o (__libc_init_array)
c:/program files (x86)/atollic/truestudio for stm32 9.3.0/armtools/bin/../lib/gcc/arm-atollic-eabi/6.3.1/../../../../arm-atollic-eabi/lib/armv7-m\libc_nano.a(lib_a-memset.o)
                              Drivers\STM32F1xx_HAL_Driver\Src\stm32f1xx_hal_rcc.o (memset)
c:/program files (x86)/atollic/truestudio for stm32 9.3.0/armtools/bin/../lib/gcc/arm-atollic-eabi/6.3.1/armv7-m\libgcc.a(_lshrdi3.o)
                              Drivers\STM32F1xx_HAL_Driver\Src\stm32f1xx_hal_flash.o (__aeabi_llsr)
c:/program files (x86)/atollic/truestudio for stm32 9.3.0/armtools/bin/../lib/gcc/arm-atollic-eabi/6.3.1/armv7-m\libgcc.a(_arm_addsubsf3.o)
                              Src\main.o (__aeabi_fsub)
c:/program files (x86)/atollic/truestudio for stm32 9.3.0/armtools/bin/../lib/gcc/arm-atollic-eabi/6.3.1/armv7-m\libgcc.a(_arm_muldivsf3.o)
                              Src\main.o (__aeabi_fmul)

Allocating common symbols
Common symbol       size              file

rx_buffer_count     0x2               Src\main.o
hcan                0x28              Src\main.o
uwTick              0x4               Drivers\STM32F1xx_HAL_Driver\Src\stm32f1xx_hal.o
pFlash              0x20              Drivers\STM32F1xx_HAL_Driver\Src\stm32f1xx_hal_flash.o
htim3               0x40              Src\main.o
uart1_rx_buffer     0xa               Src\main.o
hadc1               0x30              Src\main.o
huart1              0x40              Src\main.o
counter             0x2               Src\main.o
htim1               0x40              Src\stm32f1xx_hal_timebase_tim.o
uart2_rx_buffer     0xa               Src\main.o
hspi1               0x58              Src\main.o
htim2               0x40              Src\main.o
huart2              0x40              Src\main.o
hdma_spi1_rx        0x44              Src\main.o
dma_complete        0x1               Src\main.o
hdma_spi1_tx        0x44              Src\main.o
tx_data             0x1b8             Src\main.o

Discarded input sections

 .text          0x00000000        0x0 c:/program files (x86)/atollic/truestudio for stm32 9.3.0/armtools/bin/../lib/gcc/arm-atollic-eabi/6.3.1/armv7-m/crti.o
 .data          0x00000000        0x0 c:/program files (x86)/atollic/truestudio for stm32 9.3.0/armtools/bin/../lib/gcc/arm-atollic-eabi/6.3.1/armv7-m/crti.o
 .bss           0x00000000        0x0 c:/program files (x86)/atollic/truestudio for stm32 9.3.0/armtools/bin/../lib/gcc/arm-atollic-eabi/6.3.1/armv7-m/crti.o
 .data          0x00000000        0x4 c:/program files (x86)/atollic/truestudio for stm32 9.3.0/armtools/bin/../lib/gcc/arm-atollic-eabi/6.3.1/armv7-m/crtbegin.o
 .text          0x00000000        0x0 Drivers\STM32F1xx_HAL_Driver\Src\stm32f1xx_hal.o
 .data          0x00000000        0x0 Drivers\STM32F1xx_HAL_Driver\Src\stm32f1xx_hal.o
 .bss           0x00000000        0x0 Drivers\STM32F1xx_HAL_Driver\Src\stm32f1xx_hal.o
 .text.HAL_MspInit
                0x00000000        0x2 Drivers\STM32F1xx_HAL_Driver\Src\stm32f1xx_hal.o
 .text.HAL_MspDeInit
                0x00000000        0x2 Drivers\STM32F1xx_HAL_Driver\Src\stm32f1xx_hal.o
 .text.HAL_DeInit
                0x00000000       0x20 Drivers\STM32F1xx_HAL_Driver\Src\stm32f1xx_hal.o
 .text.HAL_InitTick
                0x00000000       0x48 Drivers\STM32F1xx_HAL_Driver\Src\stm32f1xx_hal.o
 .text.HAL_GetTickPrio
                0x00000000        0xc Drivers\STM32F1xx_HAL_Driver\Src\stm32f1xx_hal.o
 .text.HAL_SetTickFreq
                0x00000000       0x28 Drivers\STM32F1xx_HAL_Driver\Src\stm32f1xx_hal.o
 .text.HAL_GetTickFreq
                0x00000000        0xc Drivers\STM32F1xx_HAL_Driver\Src\stm32f1xx_hal.o
 .text.HAL_SuspendTick
                0x00000000       0x10 Drivers\STM32F1xx_HAL_Driver\Src\stm32f1xx_hal.o
 .text.HAL_ResumeTick
                0x00000000       0x10 Drivers\STM32F1xx_HAL_Driver\Src\stm32f1xx_hal.o
 .text.HAL_GetHalVersion
                0x00000000        0x8 Drivers\STM32F1xx_HAL_Driver\Src\stm32f1xx_hal.o
 .text.HAL_GetREVID
[...]
Memory Configuration

Name             Origin             Length             Attributes
RAM              0x20000000         0x00005000         xrw
FLASH            0x08000000         0x00010000         xr
*default*        0x00000000         0xffffffff

Linker script and memory map

LOAD c:/program files (x86)/atollic/truestudio for stm32 9.3.0/armtools/bin/../lib/gcc/arm-atollic-eabi/6.3.1/armv7-m/crti.o
LOAD c:/program files (x86)/atollic/truestudio for stm32 9.3.0/armtools/bin/../lib/gcc/arm-atollic-eabi/6.3.1/armv7-m/crtbegin.o
LOAD Drivers\STM32F1xx_HAL_Driver\Src\stm32f1xx_hal.o
LOAD Drivers\STM32F1xx_HAL_Driver\Src\stm32f1xx_hal_adc.o
LOAD Drivers\STM32F1xx_HAL_Driver\Src\stm32f1xx_hal_adc_ex.o
LOAD Drivers\STM32F1xx_HAL_Driver\Src\stm32f1xx_hal_can.o
LOAD Drivers\STM32F1xx_HAL_Driver\Src\stm32f1xx_hal_cortex.o
LOAD Drivers\STM32F1xx_HAL_Driver\Src\stm32f1xx_hal_dma.o
LOAD Drivers\STM32F1xx_HAL_Driver\Src\stm32f1xx_hal_exti.o
LOAD Drivers\STM32F1xx_HAL_Driver\Src\stm32f1xx_hal_flash.o
LOAD Drivers\STM32F1xx_HAL_Driver\Src\stm32f1xx_hal_flash_ex.o
LOAD Drivers\STM32F1xx_HAL_Driver\Src\stm32f1xx_hal_gpio.o
LOAD Drivers\STM32F1xx_HAL_Driver\Src\stm32f1xx_hal_gpio_ex.o
LOAD Drivers\STM32F1xx_HAL_Driver\Src\stm32f1xx_hal_pwr.o
LOAD Drivers\STM32F1xx_HAL_Driver\Src\stm32f1xx_hal_rcc.o
LOAD Drivers\STM32F1xx_HAL_Driver\Src\stm32f1xx_hal_rcc_ex.o
LOAD Drivers\STM32F1xx_HAL_Driver\Src\stm32f1xx_hal_spi.o
LOAD Drivers\STM32F1xx_HAL_Driver\Src\stm32f1xx_hal_tim.o
LOAD Drivers\STM32F1xx_HAL_Driver\Src\stm32f1xx_hal_tim_ex.o
LOAD Drivers\STM32F1xx_HAL_Driver\Src\stm32f1xx_hal_uart.o
LOAD Src\main.o
LOAD Src\stm32f1xx_hal_msp.o
LOAD Src\stm32f1xx_hal_timebase_tim.o
LOAD Src\stm32f1xx_it.o
LOAD Src\syscalls.o
LOAD Src\system_stm32f1xx.o
LOAD startup\startup_stm32f103xb.o
                0x00000080                malloc_getpagesize_P = 0x80
START GROUP
LOAD c:/program files (x86)/atollic/truestudio for stm32 9.3.0/armtools/bin/../lib/gcc/arm-atollic-eabi/6.3.1/../../../../arm-atollic-eabi/lib/armv7-m\libc_nano.a
LOAD c:/program files (x86)/atollic/truestudio for stm32 9.3.0/armtools/bin/../lib/gcc/arm-atollic-eabi/6.3.1/../../../../arm-atollic-eabi/lib/armv7-m\libm.a
END GROUP
START GROUP
LOAD c:/program files (x86)/atollic/truestudio for stm32 9.3.0/armtools/bin/../lib/gcc/arm-atollic-eabi/6.3.1/armv7-m\libgcc.a
LOAD c:/program files (x86)/atollic/truestudio for stm32 9.3.0/armtools/bin/../lib/gcc/arm-atollic-eabi/6.3.1/../../../../arm-atollic-eabi/lib/armv7-m\libc_nano.a
END GROUP
START GROUP
LOAD c:/program files (x86)/atollic/truestudio for stm32 9.3.0/armtools/bin/../lib/gcc/arm-atollic-eabi/6.3.1/armv7-m\libgcc.a
LOAD c:/program files (x86)/atollic/truestudio for stm32 9.3.0/armtools/bin/../lib/gcc/arm-atollic-eabi/6.3.1/../../../../arm-atollic-eabi/lib/armv7-m\libc_nano.a
LOAD c:/program files (x86)/atollic/truestudio for stm32 9.3.0/armtools/bin/../lib/gcc/arm-atollic-eabi/6.3.1/../../../../arm-atollic-eabi/lib/armv7-m\libnosys.a
END GROUP
START GROUP
LOAD c:/program files (x86)/atollic/truestudio for stm32 9.3.0/armtools/bin/../lib/gcc/arm-atollic-eabi/6.3.1/armv7-m\libgcc.a
LOAD c:/program files (x86)/atollic/truestudio for stm32 9.3.0/armtools/bin/../lib/gcc/arm-atollic-eabi/6.3.1/../../../../arm-atollic-eabi/lib/armv7-m\libc_nano.a
LOAD c:/program files (x86)/atollic/truestudio for stm32 9.3.0/armtools/bin/../lib/gcc/arm-atollic-eabi/6.3.1/../../../../arm-atollic-eabi/lib/armv7-m\libnosys.a
END GROUP
LOAD c:/program files (x86)/atollic/truestudio for stm32 9.3.0/armtools/bin/../lib/gcc/arm-atollic-eabi/6.3.1/armv7-m/crtend.o
LOAD c:/program files (x86)/atollic/truestudio for stm32 9.3.0/armtools/bin/../lib/gcc/arm-atollic-eabi/6.3.1/armv7-m/crtn.o
                0x20005000                _estack = 0x20005000
                0x00000200                _Min_Heap_Size = 0x200
                0x00000400                _Min_Stack_Size = 0x400

.isr_vector     0x08000000      0x10c
                0x08000000                . = ALIGN (0x4)
 *(.isr_vector)
 .isr_vector    0x08000000      0x10c startup\startup_stm32f103xb.o
                0x08000000                g_pfnVectors
                0x0800010c                . = ALIGN (0x4)

.text           0x0800010c     0x2600
                0x0800010c                . = ALIGN (0x4)
 *(.text)
 .text          0x0800010c       0x40 c:/program files (x86)/atollic/truestudio for stm32 9.3.0/armtools/bin/../lib/gcc/arm-atollic-eabi/6.3.1/armv7-m/crtbegin.o
 *(.text*)
 .text.HAL_Init
                0x0800014c       0x24 Drivers\STM32F1xx_HAL_Driver\Src\stm32f1xx_hal.o
                0x0800014c                HAL_Init
 .text.HAL_IncTick
                0x08000170       0x18 Drivers\STM32F1xx_HAL_Driver\Src\stm32f1xx_hal.o
                0x08000170                HAL_IncTick
 .text.HAL_GetTick
                0x08000188        0xc Drivers\STM32F1xx_HAL_Driver\Src\stm32f1xx_hal.o
                0x08000188                HAL_GetTick
 .text.HAL_Delay
                0x08000194       0x24 Drivers\STM32F1xx_HAL_Driver\Src\stm32f1xx_hal.o
                0x08000194                HAL_Delay
 .text.HAL_ADC_GetValue
                0x080001b8        0x6 Drivers\STM32F1xx_HAL_Driver\Src\stm32f1xx_hal_adc.o
                0x080001b8                HAL_ADC_GetValue
 *fill*         0x080001be        0x2 
 .text.HAL_ADC_ConfigChannel
                0x080001c0      0x108 Drivers\STM32F1xx_HAL_Driver\Src\stm32f1xx_hal_adc.o
                0x080001c0                HAL_ADC_ConfigChannel
 .text.ADC_Enable
                0x080002c8       0x70 Drivers\STM32F1xx_HAL_Driver\Src\stm32f1xx_hal_adc.o
                0x080002c8                ADC_Enable
 .text.HAL_ADC_Start
                0x08000338       0xc4 Drivers\STM32F1xx_HAL_Driver\Src\stm32f1xx_hal_adc.o
                0x08000338                HAL_ADC_Start
 .text.ADC_ConversionStop_Disable
                0x080003fc       0x44 Drivers\STM32F1xx_HAL_Driver\Src\stm32f1xx_hal_adc.o
                0x080003fc                ADC_ConversionStop_Disable
 .text.HAL_ADC_Init
                0x08000440      0x100 Drivers\STM32F1xx_HAL_Driver\Src\stm32f1xx_hal_adc.o
                0x08000440                HAL_ADC_Init
 .text.HAL_CAN_Init
                0x08000540       0xf6 Drivers\STM32F1xx_HAL_Driver\Src\stm32f1xx_hal_can.o
                0x08000540                HAL_CAN_Init
 *fill*         0x08000636        0x2 
 .text.HAL_NVIC_SetPriorityGrouping
                0x08000638       0x24 Drivers\STM32F1xx_HAL_Driver\Src\stm32f1xx_hal_cortex.o
                0x08000638                HAL_NVIC_SetPriorityGrouping
 .text.HAL_NVIC_SetPriority
                0x0800065c       0x68 Drivers\STM32F1xx_HAL_Driver\Src\stm32f1xx_hal_cortex.o
                0x0800065c                HAL_NVIC_SetPriority
 .text.HAL_NVIC_EnableIRQ
                0x080006c4       0x1c Drivers\STM32F1xx_HAL_Driver\Src\stm32f1xx_hal_cortex.o
                0x080006c4                HAL_NVIC_EnableIRQ
 .text.HAL_DMA_Init
                0x080006e0       0x60 Drivers\STM32F1xx_HAL_Driver\Src\stm32f1xx_hal_dma.o
                0x080006e0                HAL_DMA_Init
 .text.HAL_DMA_Abort_IT
                0x08000740       0x90 Drivers\STM32F1xx_HAL_Driver\Src\stm32f1xx_hal_dma.o
                0x08000740                HAL_DMA_Abort_IT
 .text.HAL_DMA_IRQHandler
                0x080007d0      0x128 Drivers\STM32F1xx_HAL_Driver\Src\stm32f1xx_hal_dma.o
                0x080007d0                HAL_DMA_IRQHandler
 .text.HAL_GPIO_Init
                0x080008f8      0x1c4 Drivers\STM32F1xx_HAL_Driver\Src\stm32f1xx_hal_gpio.o
                0x080008f8                HAL_GPIO_Init
 .text.HAL_GPIO_ReadPin
                0x08000abc        0xc Drivers\STM32F1xx_HAL_Driver\Src\stm32f1xx_hal_gpio.o
                0x08000abc                HAL_GPIO_ReadPin
 .text.HAL_GPIO_WritePin
                0x08000ac8        0xa Drivers\STM32F1xx_HAL_Driver\Src\stm32f1xx_hal_gpio.o
                0x08000ac8                HAL_GPIO_WritePin
 .text.HAL_GPIO_TogglePin
                0x08000ad2        0xc Drivers\STM32F1xx_HAL_Driver\Src\stm32f1xx_hal_gpio.o
                0x08000ad2                HAL_GPIO_TogglePin
 *fill*         0x08000ade        0x2 
 .text.HAL_RCC_OscConfig
                0x08000ae0      0x33c Drivers\STM32F1xx_HAL_Driver\Src\stm32f1xx_hal_rcc.o
                0x08000ae0                HAL_RCC_OscConfig
 .text.HAL_RCC_GetSysClockFreq
                0x08000e1c       0x78 Drivers\STM32F1xx_HAL_Driver\Src\stm32f1xx_hal_rcc.o
                0x08000e1c                HAL_RCC_GetSysClockFreq
 .text.HAL_RCC_ClockConfig
                0x08000e94      0x13c Drivers\STM32F1xx_HAL_Driver\Src\stm32f1xx_hal_rcc.o
                0x08000e94                HAL_RCC_ClockConfig
 .text.HAL_RCC_GetPCLK1Freq
                0x08000fd0       0x20 Drivers\STM32F1xx_HAL_Driver\Src\stm32f1xx_hal_rcc.o
                0x08000fd0                HAL_RCC_GetPCLK1Freq
 .text.HAL_RCC_GetPCLK2Freq
                0x08000ff0       0x20 Drivers\STM32F1xx_HAL_Driver\Src\stm32f1xx_hal_rcc.o
                0x08000ff0                HAL_RCC_GetPCLK2Freq
 .text.HAL_RCC_GetClockConfig
                0x08001010       0x3c Drivers\STM32F1xx_HAL_Driver\Src\stm32f1xx_hal_rcc.o
                0x08001010                HAL_RCC_GetClockConfig
 .text.HAL_RCCEx_PeriphCLKConfig
                0x0800104c       0xf0 Drivers\STM32F1xx_HAL_Driver\Src\stm32f1xx_hal_rcc_ex.o
                0x0800104c                HAL_RCCEx_PeriphCLKConfig
 .text.HAL_SPI_Init
                0x0800113c       0x76 Drivers\STM32F1xx_HAL_Driver\Src\stm32f1xx_hal_spi.o
                0x0800113c                HAL_SPI_Init
 *fill*         0x080011b2        0x2 
 .text.TIM_OC1_SetConfig
                0x080011b4       0x50 Drivers\STM32F1xx_HAL_Driver\Src\stm32f1xx_hal_tim.o
 .text.TIM_OC3_SetConfig
                0x08001204       0x54 Drivers\STM32F1xx_HAL_Driver\Src\stm32f1xx_hal_tim.o
 .text.TIM_OC4_SetConfig
                0x08001258       0x44 Drivers\STM32F1xx_HAL_Driver\Src\stm32f1xx_hal_tim.o
 .text.HAL_TIM_Base_Start_IT
                0x0800129c       0x20 Drivers\STM32F1xx_HAL_Driver\Src\stm32f1xx_hal_tim.o
                0x0800129c                HAL_TIM_Base_Start_IT
 .text.HAL_TIM_PWM_MspInit
                0x080012bc        0x2 Drivers\STM32F1xx_HAL_Driver\Src\stm32f1xx_hal_tim.o
                0x080012bc                HAL_TIM_PWM_MspInit
 .text.HAL_TIM_OnePulse_MspInit
                0x080012be        0x2 Drivers\STM32F1xx_HAL_Driver\Src\stm32f1xx_hal_tim.o
                0x080012be                HAL_TIM_OnePulse_MspInit
 .text.HAL_TIM_OC_DelayElapsedCallback
                0x080012c0        0x2 Drivers\STM32F1xx_HAL_Driver\Src\stm32f1xx_hal_tim.o
                0x080012c0                HAL_TIM_OC_DelayElapsedCallback
 .text.HAL_TIM_IC_CaptureCallback
                0x080012c2        0x2 Drivers\STM32F1xx_HAL_Driver\Src\stm32f1xx_hal_tim.o
                0x080012c2                HAL_TIM_IC_CaptureCallback
 .text.HAL_TIM_PWM_PulseFinishedCallback
                0x080012c4        0x2 Drivers\STM32F1xx_HAL_Driver\Src\stm32f1xx_hal_tim.o
                0x080012c4                HAL_TIM_PWM_PulseFinishedCallback
 .text.HAL_TIM_TriggerCallback
                0x080012c6        0x2 Drivers\STM32F1xx_HAL_Driver\Src\stm32f1xx_hal_tim.o
                0x080012c6                HAL_TIM_TriggerCallback
 .text.HAL_TIM_IRQHandler
                0x080012c8      0x144 Drivers\STM32F1xx_HAL_Driver\Src\stm32f1xx_hal_tim.o
                0x080012c8                HAL_TIM_IRQHandler
 .text.TIM_Base_SetConfig
                0x0800140c       0x70 Drivers\STM32F1xx_HAL_Driver\Src\stm32f1xx_hal_tim.o
                0x0800140c                TIM_Base_SetConfig
 .text.HAL_TIM_Base_Init
                0x0800147c       0x34 Drivers\STM32F1xx_HAL_Driver\Src\stm32f1xx_hal_tim.o
                0x0800147c                HAL_TIM_Base_Init
 .text.HAL_TIM_PWM_Init
                0x080014b0       0x34 Drivers\STM32F1xx_HAL_Driver\Src\stm32f1xx_hal_tim.o
                0x080014b0                HAL_TIM_PWM_Init
 .text.HAL_TIM_OnePulse_Init
                0x080014e4       0x46 Drivers\STM32F1xx_HAL_Driver\Src\stm32f1xx_hal_tim.o
                0x080014e4                HAL_TIM_OnePulse_Init
 *fill*         0x0800152a        0x2 
 .text.TIM_OC2_SetConfig
                0x0800152c       0x58 Drivers\STM32F1xx_HAL_Driver\Src\stm32f1xx_hal_tim.o
                0x0800152c                TIM_OC2_SetConfig
 .text.HAL_TIM_PWM_ConfigChannel
                0x08001584       0xc4 Drivers\STM32F1xx_HAL_Driver\Src\stm32f1xx_hal_tim.o
                0x08001584                HAL_TIM_PWM_ConfigChannel
 .text.TIM_ETR_SetConfig
                0x08001648       0x14 Drivers\STM32F1xx_HAL_Driver\Src\stm32f1xx_hal_tim.o
                0x08001648                TIM_ETR_SetConfig
 .text.HAL_TIM_ConfigClockSource
                0x0800165c      0x128 Drivers\STM32F1xx_HAL_Driver\Src\stm32f1xx_hal_tim.o
                0x0800165c                HAL_TIM_ConfigClockSource
 .text.TIM_CCxChannelCmd
                0x08001784       0x1c Drivers\STM32F1xx_HAL_Driver\Src\stm32f1xx_hal_tim.o
                0x08001784                TIM_CCxChannelCmd
 .text.HAL_TIM_PWM_Start
                0x080017a0       0x38 Drivers\STM32F1xx_HAL_Driver\Src\stm32f1xx_hal_tim.o
                0x080017a0                HAL_TIM_PWM_Start
 .text.HAL_TIMEx_MasterConfigSynchronization
                0x080017d8       0x3c Drivers\STM32F1xx_HAL_Driver\Src\stm32f1xx_hal_tim_ex.o
                0x080017d8                HAL_TIMEx_MasterConfigSynchronization
 .text.HAL_TIMEx_CommutCallback
                0x08001814        0x2 Drivers\STM32F1xx_HAL_Driver\Src\stm32f1xx_hal_tim_ex.o
                0x08001814                HAL_TIMEx_CommutCallback
 .text.HAL_TIMEx_BreakCallback
                0x08001816        0x2 Drivers\STM32F1xx_HAL_Driver\Src\stm32f1xx_hal_tim_ex.o
                0x08001816                HAL_TIMEx_BreakCallback
 .text.UART_EndRxTransfer
                0x08001818       0x1a Drivers\STM32F1xx_HAL_Driver\Src\stm32f1xx_hal_uart.o
 *fill*         0x08001832        0x2 
 .text.UART_SetConfig
                0x08001834       0x74 Drivers\STM32F1xx_HAL_Driver\Src\stm32f1xx_hal_uart.o
 .text.HAL_UART_Init
                0x080018a8       0x5c Drivers\STM32F1xx_HAL_Driver\Src\stm32f1xx_hal_uart.o
                0x080018a8                HAL_UART_Init
 .text.HAL_UART_Transmit_IT
                0x08001904       0x3e Drivers\STM32F1xx_HAL_Driver\Src\stm32f1xx_hal_uart.o
                0x08001904                HAL_UART_Transmit_IT
 .text.HAL_UART_Receive_IT
                0x08001942       0x4e Drivers\STM32F1xx_HAL_Driver\Src\stm32f1xx_hal_uart.o
                0x08001942                HAL_UART_Receive_IT
 .text.HAL_UART_TxCpltCallback
                0x08001990        0x2 Drivers\STM32F1xx_HAL_Driver\Src\stm32f1xx_hal_uart.o
                0x08001990                HAL_UART_TxCpltCallback
 .text.UART_Receive_IT
                0x08001992       0x7c Drivers\STM32F1xx_HAL_Driver\Src\stm32f1xx_hal_uart.o
 .text.HAL_UART_ErrorCallback
                0x08001a0e        0x2 Drivers\STM32F1xx_HAL_Driver\Src\stm32f1xx_hal_uart.o
                0x08001a0e                HAL_UART_ErrorCallback
 .text.HAL_UART_IRQHandler
                0x08001a10      0x140 Drivers\STM32F1xx_HAL_Driver\Src\stm32f1xx_hal_uart.o
                0x08001a10                HAL_UART_IRQHandler
 .text.UART_DMAAbortOnError
                0x08001b50       0x10 Drivers\STM32F1xx_HAL_Driver\Src\stm32f1xx_hal_uart.o
 .text.HAL_UART_RxCpltCallback
                0x08001b60       0x3c Src\main.o
                0x08001b60                HAL_UART_RxCpltCallback
 .text.SystemClock_Config
                0x08001b9c       0x68 Src\main.o
                0x08001b9c                SystemClock_Config
 .text.CalcMTHChecksum
                0x08001c04       0x24 Src\main.o
                0x08001c04                CalcMTHChecksum
 .text.get_gear
                0x08001c28       0x48 Src\main.o
                0x08001c28                get_gear
 .text.get_torque
                0x08001c70       0x48 Src\main.o
                0x08001c70                get_torque
 .text.startup.main
                0x08001cb8      0x4b8 Src\main.o
                0x08001cb8                main
 .text.HAL_TIM_PeriodElapsedCallback
                0x08002170       0x14 Src\main.o
                0x08002170                HAL_TIM_PeriodElapsedCallback
 .text.Error_Handler
                0x08002184        0x2 Src\main.o
                0x08002184                Error_Handler
 *fill*         0x08002186        0x2 
 .text.HAL_MspInit
                0x08002188       0x44 Src\stm32f1xx_hal_msp.o
                0x08002188                HAL_MspInit
 .text.HAL_ADC_MspInit
                0x080021cc       0x5c Src\stm32f1xx_hal_msp.o
                0x080021cc                HAL_ADC_MspInit
 .text.HAL_CAN_MspInit
                0x08002228       0x70 Src\stm32f1xx_hal_msp.o
                0x08002228                HAL_CAN_MspInit
 .text.HAL_SPI_MspInit
                0x08002298       0xe8 Src\stm32f1xx_hal_msp.o
                0x08002298                HAL_SPI_MspInit
 .text.HAL_TIM_Base_MspInit
                0x08002380       0x5c Src\stm32f1xx_hal_msp.o
                0x08002380                HAL_TIM_Base_MspInit
 .text.HAL_TIM_MspPostInit
                0x080023dc       0x60 Src\stm32f1xx_hal_msp.o
                0x080023dc                HAL_TIM_MspPostInit
 .text.HAL_UART_MspInit
                0x0800243c       0xf0 Src\stm32f1xx_hal_msp.o
                0x0800243c                HAL_UART_MspInit
 .text.HAL_InitTick
                0x0800252c       0x78 Src\stm32f1xx_hal_timebase_tim.o
                0x0800252c                HAL_InitTick
 .text.NMI_Handler
                0x080025a4        0x2 Src\stm32f1xx_it.o
                0x080025a4                NMI_Handler
 .text.HardFault_Handler
                0x080025a6        0x2 Src\stm32f1xx_it.o
                0x080025a6                HardFault_Handler
 .text.MemManage_Handler
                0x080025a8        0x2 Src\stm32f1xx_it.o
                0x080025a8                MemManage_Handler
 .text.BusFault_Handler
                0x080025aa        0x2 Src\stm32f1xx_it.o
                0x080025aa                BusFault_Handler
 .text.UsageFault_Handler
                0x080025ac        0x2 Src\stm32f1xx_it.o
                0x080025ac                UsageFault_Handler
 .text.SVC_Handler
                0x080025ae        0x2 Src\stm32f1xx_it.o
                0x080025ae                SVC_Handler
 .text.DebugMon_Handler
                0x080025b0        0x2 Src\stm32f1xx_it.o
                0x080025b0                DebugMon_Handler
 .text.PendSV_Handler
                0x080025b2        0x2 Src\stm32f1xx_it.o
                0x080025b2                PendSV_Handler
 .text.DMA1_Channel2_IRQHandler
                0x080025b4       0x14 Src\stm32f1xx_it.o
                0x080025b4                DMA1_Channel2_IRQHandler
 .text.DMA1_Channel3_IRQHandler
                0x080025c8        0xc Src\stm32f1xx_it.o
                0x080025c8                DMA1_Channel3_IRQHandler
 .text.TIM1_UP_IRQHandler
                0x080025d4        0xc Src\stm32f1xx_it.o
                0x080025d4                TIM1_UP_IRQHandler
 .text.TIM2_IRQHandler
                0x080025e0        0xc Src\stm32f1xx_it.o
                0x080025e0                TIM2_IRQHandler
 .text.USART1_IRQHandler
                0x080025ec        0xc Src\stm32f1xx_it.o
                0x080025ec                USART1_IRQHandler
 .text.USART2_IRQHandler
                0x080025f8        0xc Src\stm32f1xx_it.o
                0x080025f8                USART2_IRQHandler
 .text.SystemInit
                0x08002604       0x4c Src\system_stm32f1xx.o
                0x08002604                SystemInit
 .text.Reset_Handler
                0x08002650       0x48 startup\startup_stm32f103xb.o
                0x08002650                Reset_Handler
 .text.Default_Handler
                0x08002698        0x2 startup\startup_stm32f103xb.o
                0x08002698                RTC_Alarm_IRQHandler
                0x08002698                EXTI2_IRQHandler
                0x08002698                TIM1_CC_IRQHandler
                0x08002698                SysTick_Handler
                0x08002698                PVD_IRQHandler
                0x08002698                EXTI3_IRQHandler
                0x08002698                EXTI0_IRQHandler
                0x08002698                I2C2_EV_IRQHandler
                0x08002698                ADC1_2_IRQHandler
                0x08002698                SPI1_IRQHandler
                0x08002698                TAMPER_IRQHandler
                0x08002698                DMA1_Channel4_IRQHandler
                0x08002698                USART3_IRQHandler
                0x08002698                RTC_IRQHandler
                0x08002698                DMA1_Channel7_IRQHandler
                0x08002698                CAN1_RX1_IRQHandler
                0x08002698                TIM4_IRQHandler
                0x08002698                I2C1_EV_IRQHandler
                0x08002698                DMA1_Channel6_IRQHandler
                0x08002698                TIM3_IRQHandler
                0x08002698                RCC_IRQHandler
                0x08002698                TIM1_TRG_COM_IRQHandler
                0x08002698                DMA1_Channel1_IRQHandler
                0x08002698                Default_Handler
                0x08002698                EXTI15_10_IRQHandler
                0x08002698                EXTI9_5_IRQHandler
                0x08002698                SPI2_IRQHandler
                0x08002698                DMA1_Channel5_IRQHandler
                0x08002698                EXTI4_IRQHandler
                0x08002698                USB_LP_CAN1_RX0_IRQHandler
                0x08002698                USB_HP_CAN1_TX_IRQHandler
                0x08002698                WWDG_IRQHandler
                0x08002698                TIM1_BRK_IRQHandler
                0x08002698                EXTI1_IRQHandler
                0x08002698                I2C2_ER_IRQHandler
                0x08002698                CAN1_SCE_IRQHandler
                0x08002698                FLASH_IRQHandler
                0x08002698                I2C1_ER_IRQHandler
                0x08002698                USBWakeUp_IRQHandler
 *fill*         0x0800269a        0x2 
 .text.__libc_init_array
                0x0800269c       0x48 c:/program files (x86)/atollic/truestudio for stm32 9.3.0/armtools/bin/../lib/gcc/arm-atollic-eabi/6.3.1/../../../../arm-atollic-eabi/lib/armv7-m\libc_nano.a(lib_a-init.o)
                0x0800269c                __libc_init_array
 .text.memset   0x080026e4       0x10 c:/program files (x86)/atollic/truestudio for stm32 9.3.0/armtools/bin/../lib/gcc/arm-atollic-eabi/6.3.1/../../../../arm-atollic-eabi/lib/armv7-m\libc_nano.a(lib_a-memset.o)
                0x080026e4                memset
 *(.glue_7)
 .glue_7        0x080026f4        0x0 linker stubs
 *(.glue_7t)
 .glue_7t       0x080026f4        0x0 linker stubs
 *(.eh_frame)
 .eh_frame      0x080026f4        0x0 c:/program files (x86)/atollic/truestudio for stm32 9.3.0/armtools/bin/../lib/gcc/arm-atollic-eabi/6.3.1/armv7-m/crtbegin.o
 *(.init)
 .init          0x080026f4        0x4 c:/program files (x86)/atollic/truestudio for stm32 9.3.0/armtools/bin/../lib/gcc/arm-atollic-eabi/6.3.1/armv7-m/crti.o
                0x080026f4                _init
 .init          0x080026f8        0x8 c:/program files (x86)/atollic/truestudio for stm32 9.3.0/armtools/bin/../lib/gcc/arm-atollic-eabi/6.3.1/armv7-m/crtn.o
 *(.fini)
 .fini          0x08002700        0x4 c:/program files (x86)/atollic/truestudio for stm32 9.3.0/armtools/bin/../lib/gcc/arm-atollic-eabi/6.3.1/armv7-m/crti.o
                0x08002700                _fini
 .fini          0x08002704        0x8 c:/program files (x86)/atollic/truestudio for stm32 9.3.0/armtools/bin/../lib/gcc/arm-atollic-eabi/6.3.1/armv7-m/crtn.o
                0x0800270c                . = ALIGN (0x4)
                0x0800270c                _etext = .

.vfp11_veneer   0x0800270c        0x0
 .vfp11_veneer  0x0800270c        0x0 linker stubs

.v4_bx          0x0800270c        0x0
 .v4_bx         0x0800270c        0x0 linker stubs

.iplt           0x0800270c        0x0
 .iplt          0x0800270c        0x0 c:/program files (x86)/atollic/truestudio for stm32 9.3.0/armtools/bin/../lib/gcc/arm-atollic-eabi/6.3.1/armv7-m/crtbegin.o

.rodata         0x0800270c       0x28
                0x0800270c                . = ALIGN (0x4)
 *(.rodata)
 .rodata        0x0800270c       0x10 Drivers\STM32F1xx_HAL_Driver\Src\stm32f1xx_hal_rcc.o
 *(.rodata*)
 .rodata.AHBPrescTable
                0x0800271c       0x10 Src\system_stm32f1xx.o
                0x0800271c                AHBPrescTable
 .rodata.APBPrescTable
                0x0800272c        0x8 Src\system_stm32f1xx.o
                0x0800272c                APBPrescTable
                0x08002734                . = ALIGN (0x4)

.rel.dyn        0x08002734        0x0
 .rel.iplt      0x08002734        0x0 c:/program files (x86)/atollic/truestudio for stm32 9.3.0/armtools/bin/../lib/gcc/arm-atollic-eabi/6.3.1/armv7-m/crtbegin.o

.ARM.extab
 *(.ARM.extab* .gnu.linkonce.armextab.*)

.ARM            0x08002734        0x0
                0x08002734                __exidx_start = .
 *(.ARM.exidx*)
                0x08002734                __exidx_end = .

.preinit_array  0x08002734        0x0
                0x08002734                PROVIDE (__preinit_array_start, .)
 *(.preinit_array*)
                0x08002734                PROVIDE (__preinit_array_end, .)

.init_array     0x08002734        0x4
                0x08002734                PROVIDE (__init_array_start, .)
 *(SORT(.init_array.*))
 *(.init_array*)
 .init_array    0x08002734        0x4 c:/program files (x86)/atollic/truestudio for stm32 9.3.0/armtools/bin/../lib/gcc/arm-atollic-eabi/6.3.1/armv7-m/crtbegin.o
                0x08002738                PROVIDE (__init_array_end, .)

.fini_array     0x08002738        0x4
                [!provide]                PROVIDE (__fini_array_start, .)
 *(SORT(.fini_array.*))
 *(.fini_array*)
 .fini_array    0x08002738        0x4 c:/program files (x86)/atollic/truestudio for stm32 9.3.0/armtools/bin/../lib/gcc/arm-atollic-eabi/6.3.1/armv7-m/crtbegin.o
                [!provide]                PROVIDE (__fini_array_end, .)
                0x0800273c                _sidata = LOADADDR (.data)

.data           0x20000000       0xb0 load address 0x0800273c
                0x20000000                . = ALIGN (0x4)
                0x20000000                _sdata = .
 *(.data)
 *(.data*)
 .data.uwTickFreq
                0x20000000        0x1 Drivers\STM32F1xx_HAL_Driver\Src\stm32f1xx_hal.o
                0x20000000                uwTickFreq
 *fill*         0x20000001        0x3 
 .data.uwTickPrio
                0x20000004        0x4 Drivers\STM32F1xx_HAL_Driver\Src\stm32f1xx_hal.o
                0x20000004                uwTickPrio
 .data.htm_data
                0x20000008       0x50 Src\main.o
                0x20000008                htm_data
 .data.htm_data_setup
                0x20000058       0x50 Src\main.o
                0x20000058                htm_data_setup
 .data.inv_status
                0x200000a8        0x1 Src\main.o
 *fill*         0x200000a9        0x3 
 .data.SystemCoreClock
                0x200000ac        0x4 Src\system_stm32f1xx.o
                0x200000ac                SystemCoreClock
                0x200000b0                . = ALIGN (0x4)
                0x200000b0                _edata = .

.igot.plt       0x200000b0        0x0 load address 0x080027ec
 .igot.plt      0x200000b0        0x0 c:/program files (x86)/atollic/truestudio for stm32 9.3.0/armtools/bin/../lib/gcc/arm-atollic-eabi/6.3.1/armv7-m/crtbegin.o
                0x200000b0                . = ALIGN (0x4)

.bss            0x200000b0      0x544 load address 0x080027ec
                0x200000b0                _sbss = .
                0x200000b0                __bss_start__ = _sbss
 *(.bss)
 .bss           0x200000b0       0x1c c:/program files (x86)/atollic/truestudio for stm32 9.3.0/armtools/bin/../lib/gcc/arm-atollic-eabi/6.3.1/armv7-m/crtbegin.o
 *(.bss*)
 .bss.gear      0x200000cc        0x1 Src\main.o
 *fill*         0x200000cd        0x1 
 .bss.htm_checksum
                0x200000ce        0x2 Src\main.o
 .bss.mg1_speed
                0x200000d0        0x2 Src\main.o
 .bss.mg1_torque
                0x200000d2        0x2 Src\main.o
 .bss.mg2_speed
                0x200000d4        0x2 Src\main.o
 .bss.mg2_torque
                0x200000d6        0x2 Src\main.o
 .bss.mth_data  0x200000d8       0xc8 Src\main.o
                0x200000d8                mth_data
 *(COMMON)
 COMMON         0x200001a0        0x4 Drivers\STM32F1xx_HAL_Driver\Src\stm32f1xx_hal.o
                0x200001a0                uwTick
 COMMON         0x200001a4      0x410 Src\main.o
                0x200001a4                rx_buffer_count
                0x200001a8                hcan
                0x200001d0                htim3
                0x20000210                uart1_rx_buffer
                0x2000021c                hadc1
                0x2000024c                huart1
                0x2000028c                counter
                0x2000028e                uart2_rx_buffer
                0x20000298                hspi1
                0x200002f0                htim2
                0x20000330                huart2
                0x20000370                hdma_spi1_rx
                0x200003b4                dma_complete
                0x200003b8                hdma_spi1_tx
                0x200003fc                tx_data
 COMMON         0x200005b4       0x40 Src\stm32f1xx_hal_timebase_tim.o
                0x200005b4                htim1
                0x200005f4                . = ALIGN (0x4)
                0x200005f4                _ebss = .
                0x200005f4                __bss_end__ = _ebss

._user_heap_stack
                0x200005f4      0x600 load address 0x080027ec
                0x200005f4                . = ALIGN (0x4)
                0x200005f4                PROVIDE (end, .)
                [!provide]                PROVIDE (_end, .)
                0x200007f4                . = (. + _Min_Heap_Size)
 *fill*         0x200005f4      0x200 
                0x20000bf4                . = (. + _Min_Stack_Size)
 *fill*         0x200007f4      0x400 
                0x20000bf4                . = ALIGN (0x4)

/DISCARD/
 libc.a(*)
 libm.a(*)
 libgcc.a(*)

.ARM.attributes
                0x00000000       0x29
 *(.ARM.attributes)
 .ARM.attributes
                0x00000000       0x1d c:/program files (x86)/atollic/truestudio for stm32 9.3.0/armtools/bin/../lib/gcc/arm-atollic-eabi/6.3.1/armv7-m/crti.o
 .ARM.attributes
                0x0000001d       0x2d c:/program files (x86)/atollic/truestudio for stm32 9.3.0/armtools/bin/../lib/gcc/arm-atollic-eabi/6.3.1/armv7-m/crtbegin.o
 .ARM.attributes
                0x0000004a       0x33 Drivers\STM32F1xx_HAL_Driver\Src\stm32f1xx_hal.o
 .ARM.attributes
                0x0000007d       0x33 Drivers\STM32F1xx_HAL_Driver\Src\stm32f1xx_hal_adc.o
 .ARM.attributes
                0x000000b0       0x33 Drivers\STM32F1xx_HAL_Driver\Src\stm32f1xx_hal_can.o
 .ARM.attributes
                0x000000e3       0x33 Drivers\STM32F1xx_HAL_Driver\Src\stm32f1xx_hal_cortex.o
 .ARM.attributes
                0x00000116       0x33 Drivers\STM32F1xx_HAL_Driver\Src\stm32f1xx_hal_dma.o
 .ARM.attributes
                0x00000149       0x33 Drivers\STM32F1xx_HAL_Driver\Src\stm32f1xx_hal_gpio.o
 .ARM.attributes
                0x0000017c       0x33 Drivers\STM32F1xx_HAL_Driver\Src\stm32f1xx_hal_rcc.o
 .ARM.attributes
                0x000001af       0x33 Drivers\STM32F1xx_HAL_Driver\Src\stm32f1xx_hal_rcc_ex.o
 .ARM.attributes
                0x000001e2       0x33 Drivers\STM32F1xx_HAL_Driver\Src\stm32f1xx_hal_spi.o
 .ARM.attributes
                0x00000215       0x33 Drivers\STM32F1xx_HAL_Driver\Src\stm32f1xx_hal_tim.o
 .ARM.attributes
                0x00000248       0x33 Drivers\STM32F1xx_HAL_Driver\Src\stm32f1xx_hal_tim_ex.o
 .ARM.attributes
                0x0000027b       0x33 Drivers\STM32F1xx_HAL_Driver\Src\stm32f1xx_hal_uart.o
 .ARM.attributes
                0x000002ae       0x33 Src\main.o
 .ARM.attributes
                0x000002e1       0x33 Src\stm32f1xx_hal_msp.o
 .ARM.attributes
                0x00000314       0x33 Src\stm32f1xx_hal_timebase_tim.o
 .ARM.attributes
                0x00000347       0x33 Src\stm32f1xx_it.o
 .ARM.attributes
                0x0000037a       0x33 Src\system_stm32f1xx.o
 .ARM.attributes
                0x000003ad       0x21 startup\startup_stm32f103xb.o
 .ARM.attributes
                0x000003ce       0x2d c:/program files (x86)/atollic/truestudio for stm32 9.3.0/armtools/bin/../lib/gcc/arm-atollic-eabi/6.3.1/../../../../arm-atollic-eabi/lib/armv7-m\libc_nano.a(lib_a-init.o)
 .ARM.attributes
                0x000003fb       0x2d c:/program files (x86)/atollic/truestudio for stm32 9.3.0/armtools/bin/../lib/gcc/arm-atollic-eabi/6.3.1/../../../../arm-atollic-eabi/lib/armv7-m\libc_nano.a(lib_a-memset.o)
 .ARM.attributes
                0x00000428       0x1d c:/program files (x86)/atollic/truestudio for stm32 9.3.0/armtools/bin/../lib/gcc/arm-atollic-eabi/6.3.1/armv7-m/crtn.o
OUTPUT(ToyotaHybridx1.elf elf32-littlearm)

.debug_info     0x00000000    0x12c97
 .debug_info    0x00000000      0x7cd Drivers\STM32F1xx_HAL_Driver\Src\stm32f1xx_hal.o
 .debug_info    0x000007cd      0xea0 Drivers\STM32F1xx_HAL_Driver\Src\stm32f1xx_hal_adc.o
 .debug_info    0x0000166d     0x10e1 Drivers\STM32F1xx_HAL_Driver\Src\stm32f1xx_hal_can.o
 .debug_info    0x0000274e      0xca7 Drivers\STM32F1xx_HAL_Driver\Src\stm32f1xx_hal_cortex.o
 .debug_info    0x000033f5      0x837 Drivers\STM32F1xx_HAL_Driver\Src\stm32f1xx_hal_dma.o
 .debug_info    0x00003c2c      0x691 Drivers\STM32F1xx_HAL_Driver\Src\stm32f1xx_hal_gpio.o
 .debug_info    0x000042bd      0xa01 Drivers\STM32F1xx_HAL_Driver\Src\stm32f1xx_hal_rcc.o
 .debug_info    0x00004cbe      0x48b Drivers\STM32F1xx_HAL_Driver\Src\stm32f1xx_hal_rcc_ex.o
 .debug_info    0x00005149     0x1cbc Drivers\STM32F1xx_HAL_Driver\Src\stm32f1xx_hal_spi.o
 .debug_info    0x00006e05     0x34cc Drivers\STM32F1xx_HAL_Driver\Src\stm32f1xx_hal_tim.o
 .debug_info    0x0000a2d1     0x12fc Drivers\STM32F1xx_HAL_Driver\Src\stm32f1xx_hal_tim_ex.o
 .debug_info    0x0000b5cd     0x1632 Drivers\STM32F1xx_HAL_Driver\Src\stm32f1xx_hal_uart.o
 .debug_info    0x0000cbff     0x2e9a Src\main.o
 .debug_info    0x0000fa99     0x1a23 Src\stm32f1xx_hal_msp.o
 .debug_info    0x000114bc      0x9ac Src\stm32f1xx_hal_timebase_tim.o
 .debug_info    0x00011e68      0x988 Src\stm32f1xx_it.o
 .debug_info    0x000127f0      0x437 Src\system_stm32f1xx.o
 .debug_info    0x00012c27       0x70 startup\startup_stm32f103xb.o

.debug_abbrev   0x00000000     0x2bd2
 .debug_abbrev  0x00000000      0x24a Drivers\STM32F1xx_HAL_Driver\Src\stm32f1xx_hal.o
 .debug_abbrev  0x0000024a      0x299 Drivers\STM32F1xx_HAL_Driver\Src\stm32f1xx_hal_adc.o
 .debug_abbrev  0x000004e3      0x2a8 Drivers\STM32F1xx_HAL_Driver\Src\stm32f1xx_hal_can.o
 .debug_abbrev  0x0000078b      0x2f8 Drivers\STM32F1xx_HAL_Driver\Src\stm32f1xx_hal_cortex.o
 .debug_abbrev  0x00000a83      0x22d Drivers\STM32F1xx_HAL_Driver\Src\stm32f1xx_hal_dma.o
 .debug_abbrev  0x00000cb0      0x1e4 Drivers\STM32F1xx_HAL_Driver\Src\stm32f1xx_hal_gpio.o
 .debug_abbrev  0x00000e94      0x2c1 Drivers\STM32F1xx_HAL_Driver\Src\stm32f1xx_hal_rcc.o
 .debug_abbrev  0x00001155      0x1c4 Drivers\STM32F1xx_HAL_Driver\Src\stm32f1xx_hal_rcc_ex.o
 .debug_abbrev  0x00001319      0x33e Drivers\STM32F1xx_HAL_Driver\Src\stm32f1xx_hal_spi.o
 .debug_abbrev  0x00001657      0x335 Drivers\STM32F1xx_HAL_Driver\Src\stm32f1xx_hal_tim.o
 .debug_abbrev  0x0000198c      0x29c Drivers\STM32F1xx_HAL_Driver\Src\stm32f1xx_hal_tim_ex.o
 .debug_abbrev  0x00001c28      0x2f3 Drivers\STM32F1xx_HAL_Driver\Src\stm32f1xx_hal_uart.o
 .debug_abbrev  0x00001f1b      0x539 Src\main.o
 .debug_abbrev  0x00002454      0x298 Src\stm32f1xx_hal_msp.o
 .debug_abbrev  0x000026ec      0x1e7 Src\stm32f1xx_hal_timebase_tim.o
 .debug_abbrev  0x000028d3      0x1be Src\stm32f1xx_it.o
 .debug_abbrev  0x00002a91      0x12f Src\system_stm32f1xx.o
 .debug_abbrev  0x00002bc0       0x12 startup\startup_stm32f103xb.o

.debug_loc      0x00000000     0x9507
 .debug_loc     0x00000000      0x10c Drivers\STM32F1xx_HAL_Driver\Src\stm32f1xx_hal.o
 .debug_loc     0x0000010c      0x873 Drivers\STM32F1xx_HAL_Driver\Src\stm32f1xx_hal_adc.o
 .debug_loc     0x0000097f      0xa88 Drivers\STM32F1xx_HAL_Driver\Src\stm32f1xx_hal_can.o
 .debug_loc     0x00001407      0x487 Drivers\STM32F1xx_HAL_Driver\Src\stm32f1xx_hal_cortex.o
 .debug_loc     0x0000188e      0x5ed Drivers\STM32F1xx_HAL_Driver\Src\stm32f1xx_hal_dma.o
 .debug_loc     0x00001e7b      0x2f5 Drivers\STM32F1xx_HAL_Driver\Src\stm32f1xx_hal_gpio.o
 .debug_loc     0x00002170      0x478 Drivers\STM32F1xx_HAL_Driver\Src\stm32f1xx_hal_rcc.o
 .debug_loc     0x000025e8      0x29d Drivers\STM32F1xx_HAL_Driver\Src\stm32f1xx_hal_rcc_ex.o
 .debug_loc     0x00002885     0x1703 Drivers\STM32F1xx_HAL_Driver\Src\stm32f1xx_hal_spi.o
 .debug_loc     0x00003f88     0x2f5a Drivers\STM32F1xx_HAL_Driver\Src\stm32f1xx_hal_tim.o
 .debug_loc     0x00006ee2      0xa7c Drivers\STM32F1xx_HAL_Driver\Src\stm32f1xx_hal_tim_ex.o
 .debug_loc     0x0000795e     0x1362 Drivers\STM32F1xx_HAL_Driver\Src\stm32f1xx_hal_uart.o
 .debug_loc     0x00008cc0      0x466 Src\main.o
 .debug_loc     0x00009126      0x280 Src\stm32f1xx_hal_msp.o
 .debug_loc     0x000093a6       0x94 Src\stm32f1xx_hal_timebase_tim.o
 .debug_loc     0x0000943a       0xcd Src\system_stm32f1xx.o

.debug_aranges  0x00000000      0xce0
 .debug_aranges
                0x00000000       0xd8 Drivers\STM32F1xx_HAL_Driver\Src\stm32f1xx_hal.o
 .debug_aranges
                0x000000d8       0xc8 Drivers\STM32F1xx_HAL_Driver\Src\stm32f1xx_hal_adc.o
 .debug_aranges
                0x000001a0       0xc8 Drivers\STM32F1xx_HAL_Driver\Src\stm32f1xx_hal_can.o
 .debug_aranges
                0x00000268       0x90 Drivers\STM32F1xx_HAL_Driver\Src\stm32f1xx_hal_cortex.o
 .debug_aranges
                0x000002f8       0x78 Drivers\STM32F1xx_HAL_Driver\Src\stm32f1xx_hal_dma.o
 .debug_aranges
                0x00000370       0x58 Drivers\STM32F1xx_HAL_Driver\Src\stm32f1xx_hal_gpio.o
 .debug_aranges
                0x000003c8       0x88 Drivers\STM32F1xx_HAL_Driver\Src\stm32f1xx_hal_rcc.o
 .debug_aranges
                0x00000450       0x30 Drivers\STM32F1xx_HAL_Driver\Src\stm32f1xx_hal_rcc_ex.o
 .debug_aranges
                0x00000480      0x188 Drivers\STM32F1xx_HAL_Driver\Src\stm32f1xx_hal_spi.o
 .debug_aranges
                0x00000608      0x278 Drivers\STM32F1xx_HAL_Driver\Src\stm32f1xx_hal_tim.o
 .debug_aranges
                0x00000880       0xf8 Drivers\STM32F1xx_HAL_Driver\Src\stm32f1xx_hal_tim_ex.o
 .debug_aranges
                0x00000978      0x170 Drivers\STM32F1xx_HAL_Driver\Src\stm32f1xx_hal_uart.o
 .debug_aranges
                0x00000ae8       0x90 Src\main.o
 .debug_aranges
                0x00000b78       0x78 Src\stm32f1xx_hal_msp.o
 .debug_aranges
                0x00000bf0       0x30 Src\stm32f1xx_hal_timebase_tim.o
 .debug_aranges
                0x00000c20       0x70 Src\stm32f1xx_it.o
 .debug_aranges
                0x00000c90       0x28 Src\system_stm32f1xx.o
 .debug_aranges
                0x00000cb8       0x28 startup\startup_stm32f103xb.o

.debug_ranges   0x00000000     0x11b0
 .debug_ranges  0x00000000       0xc8 Drivers\STM32F1xx_HAL_Driver\Src\stm32f1xx_hal.o
 .debug_ranges  0x000000c8       0xb8 Drivers\STM32F1xx_HAL_Driver\Src\stm32f1xx_hal_adc.o
 .debug_ranges  0x00000180       0xb8 Drivers\STM32F1xx_HAL_Driver\Src\stm32f1xx_hal_can.o
 .debug_ranges  0x00000238      0x128 Drivers\STM32F1xx_HAL_Driver\Src\stm32f1xx_hal_cortex.o
 .debug_ranges  0x00000360       0xa8 Drivers\STM32F1xx_HAL_Driver\Src\stm32f1xx_hal_dma.o
 .debug_ranges  0x00000408       0x60 Drivers\STM32F1xx_HAL_Driver\Src\stm32f1xx_hal_gpio.o
 .debug_ranges  0x00000468       0xa0 Drivers\STM32F1xx_HAL_Driver\Src\stm32f1xx_hal_rcc.o
 .debug_ranges  0x00000508       0x40 Drivers\STM32F1xx_HAL_Driver\Src\stm32f1xx_hal_rcc_ex.o
 .debug_ranges  0x00000548      0x1a8 Drivers\STM32F1xx_HAL_Driver\Src\stm32f1xx_hal_spi.o
 .debug_ranges  0x000006f0      0x348 Drivers\STM32F1xx_HAL_Driver\Src\stm32f1xx_hal_tim.o
 .debug_ranges  0x00000a38       0xe8 Drivers\STM32F1xx_HAL_Driver\Src\stm32f1xx_hal_tim_ex.o
 .debug_ranges  0x00000b20      0x190 Drivers\STM32F1xx_HAL_Driver\Src\stm32f1xx_hal_uart.o
 .debug_ranges  0x00000cb0      0x228 Src\main.o
 .debug_ranges  0x00000ed8      0x1f8 Src\stm32f1xx_hal_msp.o
 .debug_ranges  0x000010d0       0x48 Src\stm32f1xx_hal_timebase_tim.o
 .debug_ranges  0x00001118       0x60 Src\stm32f1xx_it.o
 .debug_ranges  0x00001178       0x18 Src\system_stm32f1xx.o
 .debug_ranges  0x00001190       0x20 startup\startup_stm32f103xb.o

.debug_line     0x00000000     0x6bc5
 .debug_line    0x00000000      0x3eb Drivers\STM32F1xx_HAL_Driver\Src\stm32f1xx_hal.o
 .debug_line    0x000003eb      0x7db Drivers\STM32F1xx_HAL_Driver\Src\stm32f1xx_hal_adc.o
 .debug_line    0x00000bc6      0x634 Drivers\STM32F1xx_HAL_Driver\Src\stm32f1xx_hal_can.o
 .debug_line    0x000011fa      0x3e6 Drivers\STM32F1xx_HAL_Driver\Src\stm32f1xx_hal_cortex.o
 .debug_line    0x000015e0      0x5fb Drivers\STM32F1xx_HAL_Driver\Src\stm32f1xx_hal_dma.o
 .debug_line    0x00001bdb      0x3ab Drivers\STM32F1xx_HAL_Driver\Src\stm32f1xx_hal_gpio.o
 .debug_line    0x00001f86      0x582 Drivers\STM32F1xx_HAL_Driver\Src\stm32f1xx_hal_rcc.o
 .debug_line    0x00002508      0x336 Drivers\STM32F1xx_HAL_Driver\Src\stm32f1xx_hal_rcc_ex.o
 .debug_line    0x0000283e      0xbb2 Drivers\STM32F1xx_HAL_Driver\Src\stm32f1xx_hal_spi.o
 .debug_line    0x000033f0     0x1179 Drivers\STM32F1xx_HAL_Driver\Src\stm32f1xx_hal_tim.o
 .debug_line    0x00004569      0x6d5 Drivers\STM32F1xx_HAL_Driver\Src\stm32f1xx_hal_tim_ex.o
 .debug_line    0x00004c3e      0xbda Drivers\STM32F1xx_HAL_Driver\Src\stm32f1xx_hal_uart.o
 .debug_line    0x00005818      0x6c2 Src\main.o
 .debug_line    0x00005eda      0x4b9 Src\stm32f1xx_hal_msp.o
 .debug_line    0x00006393      0x2aa Src\stm32f1xx_hal_timebase_tim.o
 .debug_line    0x0000663d      0x2e3 Src\stm32f1xx_it.o
 .debug_line    0x00006920      0x228 Src\system_stm32f1xx.o
 .debug_line    0x00006b48       0x7d startup\startup_stm32f103xb.o

.debug_str      0x00000000     0x4d6b
 .debug_str     0x00000000      0x7f8 Drivers\STM32F1xx_HAL_Driver\Src\stm32f1xx_hal.o
                                0x861 (size before relaxing)
 .debug_str     0x000007f8      0x67a Drivers\STM32F1xx_HAL_Driver\Src\stm32f1xx_hal_adc.o
                                0x985 (size before relaxing)
 .debug_str     0x00000e72      0x7bd Drivers\STM32F1xx_HAL_Driver\Src\stm32f1xx_hal_can.o
                                0xb00 (size before relaxing)
 .debug_str     0x0000162f      0x393 Drivers\STM32F1xx_HAL_Driver\Src\stm32f1xx_hal_cortex.o
                                0x983 (size before relaxing)
 .debug_str     0x000019c2      0x216 Drivers\STM32F1xx_HAL_Driver\Src\stm32f1xx_hal_dma.o
                                0x6d1 (size before relaxing)
 .debug_str     0x00001bd8      0x1ca Drivers\STM32F1xx_HAL_Driver\Src\stm32f1xx_hal_gpio.o
                                0x4d4 (size before relaxing)
 .debug_str     0x00001da2      0x322 Drivers\STM32F1xx_HAL_Driver\Src\stm32f1xx_hal_rcc.o
                                0x6bd (size before relaxing)
 .debug_str     0x000020c4      0x110 Drivers\STM32F1xx_HAL_Driver\Src\stm32f1xx_hal_rcc_ex.o
                                0x495 (size before relaxing)
 .debug_str     0x000021d4      0x6e5 Drivers\STM32F1xx_HAL_Driver\Src\stm32f1xx_hal_spi.o
                                0xbf8 (size before relaxing)
 .debug_str     0x000028b9      0xfe8 Drivers\STM32F1xx_HAL_Driver\Src\stm32f1xx_hal_tim.o
                               0x1505 (size before relaxing)
 .debug_str     0x000038a1      0x548 Drivers\STM32F1xx_HAL_Driver\Src\stm32f1xx_hal_tim_ex.o
                                0xd1d (size before relaxing)
 .debug_str     0x00003de9      0x67c Drivers\STM32F1xx_HAL_Driver\Src\stm32f1xx_hal_uart.o
                                0xc4d (size before relaxing)
 .debug_str     0x00004465      0x735 Src\main.o
                               0x1d0b (size before relaxing)
 .debug_str     0x00004b9a       0x25 Src\stm32f1xx_hal_msp.o
                               0x122a (size before relaxing)
 .debug_str     0x00004bbf       0x50 Src\stm32f1xx_hal_timebase_tim.o
                                0xabd (size before relaxing)
 .debug_str     0x00004c0f      0x10f Src\stm32f1xx_it.o
                                0x953 (size before relaxing)
 .debug_str     0x00004d1e       0x4d Src\system_stm32f1xx.o
                                0x343 (size before relaxing)

.comment        0x00000000       0x7c
 .comment       0x00000000       0x7c Drivers\STM32F1xx_HAL_Driver\Src\stm32f1xx_hal.o
                                 0x7d (size before relaxing)
 .comment       0x0000007c       0x7d Drivers\STM32F1xx_HAL_Driver\Src\stm32f1xx_hal_adc.o
 .comment       0x0000007c       0x7d Drivers\STM32F1xx_HAL_Driver\Src\stm32f1xx_hal_can.o
 .comment       0x0000007c       0x7d Drivers\STM32F1xx_HAL_Driver\Src\stm32f1xx_hal_cortex.o
 .comment       0x0000007c       0x7d Drivers\STM32F1xx_HAL_Driver\Src\stm32f1xx_hal_dma.o
 .comment       0x0000007c       0x7d Drivers\STM32F1xx_HAL_Driver\Src\stm32f1xx_hal_gpio.o
 .comment       0x0000007c       0x7d Drivers\STM32F1xx_HAL_Driver\Src\stm32f1xx_hal_rcc.o
 .comment       0x0000007c       0x7d Drivers\STM32F1xx_HAL_Driver\Src\stm32f1xx_hal_rcc_ex.o
 .comment       0x0000007c       0x7d Drivers\STM32F1xx_HAL_Driver\Src\stm32f1xx_hal_spi.o
 .comment       0x0000007c       0x7d Drivers\STM32F1xx_HAL_Driver\Src\stm32f1xx_hal_tim.o
 .comment       0x0000007c       0x7d Drivers\STM32F1xx_HAL_Driver\Src\stm32f1xx_hal_tim_ex.o
 .comment       0x0000007c       0x7d Drivers\STM32F1xx_HAL_Driver\Src\stm32f1xx_hal_uart.o
 .comment       0x0000007c       0x7d Src\main.o
 .comment       0x0000007c       0x7d Src\stm32f1xx_hal_msp.o
 .comment       0x0000007c       0x7d Src\stm32f1xx_hal_timebase_tim.o
 .comment       0x0000007c       0x7d Src\stm32f1xx_it.o
 .comment       0x0000007c       0x7d Src\system_stm32f1xx.o

.debug_frame    0x00000000     0x2740
 .debug_frame   0x00000000      0x1d4 Drivers\STM32F1xx_HAL_Driver\Src\stm32f1xx_hal.o
 .debug_frame   0x000001d4      0x298 Drivers\STM32F1xx_HAL_Driver\Src\stm32f1xx_hal_adc.o
 .debug_frame   0x0000046c      0x2cc Drivers\STM32F1xx_HAL_Driver\Src\stm32f1xx_hal_can.o
 .debug_frame   0x00000738      0x120 Drivers\STM32F1xx_HAL_Driver\Src\stm32f1xx_hal_cortex.o
 .debug_frame   0x00000858      0x144 Drivers\STM32F1xx_HAL_Driver\Src\stm32f1xx_hal_dma.o
 .debug_frame   0x0000099c       0xd4 Drivers\STM32F1xx_HAL_Driver\Src\stm32f1xx_hal_gpio.o
 .debug_frame   0x00000a70      0x150 Drivers\STM32F1xx_HAL_Driver\Src\stm32f1xx_hal_rcc.o
 .debug_frame   0x00000bc0       0x6c Drivers\STM32F1xx_HAL_Driver\Src\stm32f1xx_hal_rcc_ex.o
 .debug_frame   0x00000c2c      0x568 Drivers\STM32F1xx_HAL_Driver\Src\stm32f1xx_hal_spi.o
 .debug_frame   0x00001194      0x928 Drivers\STM32F1xx_HAL_Driver\Src\stm32f1xx_hal_tim.o
 .debug_frame   0x00001abc      0x360 Drivers\STM32F1xx_HAL_Driver\Src\stm32f1xx_hal_tim_ex.o
 .debug_frame   0x00001e1c      0x498 Drivers\STM32F1xx_HAL_Driver\Src\stm32f1xx_hal_uart.o
 .debug_frame   0x000022b4      0x178 Src\main.o
 .debug_frame   0x0000242c      0x158 Src\stm32f1xx_hal_msp.o
 .debug_frame   0x00002584       0x50 Src\stm32f1xx_hal_timebase_tim.o
 .debug_frame   0x000025d4       0xf0 Src\stm32f1xx_it.o
 .debug_frame   0x000026c4       0x30 Src\system_stm32f1xx.o
 .debug_frame   0x000026f4       0x2c c:/program files (x86)/atollic/truestudio for stm32 9.3.0/armtools/bin/../lib/gcc/arm-atollic-eabi/6.3.1/../../../../arm-atollic-eabi/lib/armv7-m\libc_nano.a(lib_a-init.o)
 .debug_frame   0x00002720       0x20 c:/program files (x86)/atollic/truestudio for stm32 9.3.0/armtools/bin/../lib/gcc/arm-atollic-eabi/6.3.1/../../../../arm-atollic-eabi/lib/armv7-m\libc_nano.a(lib_a-memset.o)
