main.c:137:6:HAL_UART_RxCpltCallback	0	static
main.c:161:1:__io_putchar	0	static
main.c:169:5:_write	0	static
main.c:369:6:SystemClock_Config	96	static
main.c:788:7:CalcTemp	8	static
main.c:798:9:CalcMTHChecksum	0	static
main.c:810:6:CalcHTMChecksum	0	static
main.c:830:10:PackHTMData	8	static
main.c:881:10:UnpackMTHData	48	static
main.c:946:6:get_gear	8	static
main.c:964:10:get_torque	8	static
main.c:196:5:main	120	static
main.c:976:6:map	8	static
main.c:1052:6:UpdateHTMParams	16	static
main.c:983:6:UpdateHTMState1Ms	16	static
main.c:1100:6:HAL_TIM_PeriodElapsedCallback	0	static
main.c:1117:6:Error_Handler	0	static
