main.c:132:6:HAL_UART_RxCpltCallback	0	static
main.c:156:1:__io_putchar	0	static
main.c:164:5:_write	0	static
main.c:355:6:SystemClock_Config	96	static
main.c:774:7:CalcTemp	8	static
main.c:784:9:CalcMTHChecksum	0	static
main.c:796:6:CalcHTMChecksum	0	static
main.c:816:10:PackHTMData	8	static
main.c:867:10:UnpackMTHData	48	static
main.c:932:6:get_gear	8	static
main.c:950:10:get_torque	8	static
main.c:191:5:main	120	static
main.c:962:6:map	8	static
main.c:979:6:HAL_TIM_PeriodElapsedCallback	0	static
main.c:996:6:Error_Handler	0	static
