stm32f1xx_hal_msp.c:69:6:HAL_MspInit	8	static
stm32f1xx_hal_msp.c:95:6:HAL_CAN_MspInit	32	static
stm32f1xx_hal_msp.c:134:6:HAL_CAN_MspDeInit	0	static
stm32f1xx_hal_msp.c:163:6:HAL_SPI_MspInit	40	static
stm32f1xx_hal_msp.c:238:6:HAL_SPI_MspDeInit	8	static
stm32f1xx_hal_msp.c:271:6:HAL_TIM_Base_MspInit	16	static
stm32f1xx_hal_msp.c:301:6:HAL_TIM_MspPostInit	32	static
stm32f1xx_hal_msp.c:333:6:HAL_TIM_Base_MspDeInit	0	static
stm32f1xx_hal_msp.c:369:6:HAL_UART_MspInit	40	static
stm32f1xx_hal_msp.c:441:6:HAL_UART_MspDeInit	8	static
