stm32f1xx_hal_msp.c:69:6:HAL_MspInit	8	static
stm32f1xx_hal_msp.c:95:6:HAL_ADC_MspInit	40	static
stm32f1xx_hal_msp.c:127:6:HAL_ADC_MspDeInit	0	static
stm32f1xx_hal_msp.c:155:6:HAL_CAN_MspInit	32	static
stm32f1xx_hal_msp.c:194:6:HAL_CAN_MspDeInit	0	static
stm32f1xx_hal_msp.c:223:6:HAL_SPI_MspInit	40	static
stm32f1xx_hal_msp.c:298:6:HAL_SPI_MspDeInit	8	static
stm32f1xx_hal_msp.c:331:6:HAL_TIM_Base_MspInit	16	static
stm32f1xx_hal_msp.c:361:6:HAL_TIM_MspPostInit	32	static
stm32f1xx_hal_msp.c:393:6:HAL_TIM_Base_MspDeInit	0	static
stm32f1xx_hal_msp.c:429:6:HAL_UART_MspInit	40	static
stm32f1xx_hal_msp.c:501:6:HAL_UART_MspDeInit	8	static
